// Jest Snapshot v1, https://goo.gl/fbAQLP

exports[`builds an index 1`] = `
Object {
  "averageFieldLength": Array [
    2.142857142857143,
    2.2857142857142856,
    5.142857142857143,
    1.1428571428571428,
    1.5714285714285714,
    6,
    3.142857142857143,
  ],
  "documentCount": 7,
  "documentIds": Object {
    "0": "hello-world",
    "1": "no-slug-or-title",
    "2": "no-slug",
    "3": "no-title",
    "4": "with-description",
    "5": "with-tags",
    "6": "nested-nested-file",
  },
  "fieldIds": Object {
    "createdAt": 5,
    "description": 4,
    "path": 2,
    "slug": 1,
    "strippedContent": 6,
    "tags": 3,
    "title": 0,
  },
  "fieldLength": Object {
    "0": Array [
      1,
      2,
      4,
      1,
      1,
      6,
      3,
    ],
    "1": Array [
      4,
      4,
      7,
      1,
      1,
      6,
      5,
    ],
    "2": Array [
      2,
      2,
      5,
      1,
      1,
      6,
      3,
    ],
    "3": Array [
      2,
      2,
      5,
      1,
      1,
      6,
      3,
    ],
    "4": Array [
      2,
      2,
      5,
      1,
      5,
      6,
      3,
    ],
    "5": Array [
      2,
      2,
      5,
      2,
      1,
      6,
      2,
    ],
    "6": Array [
      2,
      2,
      5,
      1,
      1,
      6,
      3,
    ],
  },
  "index": Array [
    Array [
      "file",
      Object {
        "0": Object {
          "6": 1,
        },
        "1": Object {
          "6": 1,
        },
        "2": Object {
          "6": 1,
        },
        "6": Object {
          "6": 1,
        },
      },
    ],
    Array [
      "nested",
      Object {
        "0": Object {
          "6": 1,
        },
        "1": Object {
          "6": 1,
        },
        "2": Object {
          "6": 2,
        },
        "6": Object {
          "6": 1,
        },
      },
    ],
    Array [
      "no",
      Object {
        "0": Object {
          "1": 1,
          "2": 1,
          "3": 1,
        },
        "1": Object {
          "1": 1,
          "2": 1,
          "3": 1,
        },
        "2": Object {
          "1": 1,
          "2": 1,
          "3": 1,
        },
        "6": Object {
          "1": 1,
          "2": 1,
          "3": 1,
        },
      },
    ],
    Array [
      "36",
      Object {
        "5": Object {
          "5": 1,
        },
      },
    ],
    Array [
      "385z",
      Object {
        "5": Object {
          "4": 1,
        },
      },
    ],
    Array [
      "31",
      Object {
        "5": Object {
          "1": 1,
          "2": 1,
        },
      },
    ],
    Array [
      "57",
      Object {
        "5": Object {
          "6": 1,
        },
      },
    ],
    Array [
      "58",
      Object {
        "5": Object {
          "4": 1,
        },
      },
    ],
    Array [
      "52",
      Object {
        "5": Object {
          "3": 1,
        },
      },
    ],
    Array [
      "a",
      Object {
        "4": Object {
          "4": 1,
        },
      },
    ],
    Array [
      "is",
      Object {
        "4": Object {
          "4": 1,
        },
      },
    ],
    Array [
      "description",
      Object {
        "0": Object {
          "4": 1,
        },
        "1": Object {
          "4": 1,
        },
        "2": Object {
          "4": 1,
        },
        "4": Object {
          "4": 1,
        },
        "6": Object {
          "4": 1,
        },
      },
    ],
    Array [
      "with",
      Object {
        "0": Object {
          "4": 1,
          "5": 1,
        },
        "1": Object {
          "4": 1,
          "5": 1,
        },
        "2": Object {
          "4": 1,
          "5": 1,
        },
        "6": Object {
          "4": 1,
        },
      },
    ],
    Array [
      "world",
      Object {
        "1": Object {
          "0": 1,
        },
        "6": Object {
          "0": 1,
        },
      },
    ],
    Array [
      "483z",
      Object {
        "5": Object {
          "6": 1,
        },
      },
    ],
    Array [
      "440z",
      Object {
        "5": Object {
          "2": 1,
        },
      },
    ],
    Array [
      "436z",
      Object {
        "5": Object {
          "1": 1,
        },
      },
    ],
    Array [
      "41",
      Object {
        "5": Object {
          "1": 1,
          "2": 1,
        },
      },
    ],
    Array [
      "460z",
      Object {
        "5": Object {
          "0": 1,
        },
      },
    ],
    Array [
      "12",
      Object {
        "5": Object {
          "5": 1,
        },
      },
    ],
    Array [
      "13t08",
      Object {
        "5": Object {
          "4": 1,
          "5": 1,
        },
      },
    ],
    Array [
      "13t00",
      Object {
        "5": Object {
          "0": 1,
          "3": 1,
          "6": 1,
        },
      },
    ],
    Array [
      "168z",
      Object {
        "5": Object {
          "3": 1,
        },
      },
    ],
    Array [
      "18t19",
      Object {
        "5": Object {
          "1": 1,
          "2": 1,
        },
      },
    ],
    Array [
      "tag2",
      Object {
        "3": Object {
          "5": 1,
        },
      },
    ],
    Array [
      "tag1",
      Object {
        "3": Object {
          "5": 1,
        },
      },
    ],
    Array [
      "tags",
      Object {
        "0": Object {
          "5": 1,
        },
        "1": Object {
          "5": 1,
        },
        "2": Object {
          "5": 1,
        },
        "6": Object {
          "5": 1,
        },
      },
    ],
    Array [
      "this",
      Object {
        "4": Object {
          "4": 1,
        },
      },
    ],
    Array [
      "title",
      Object {
        "0": Object {
          "1": 1,
          "3": 1,
        },
        "1": Object {
          "1": 1,
          "3": 1,
        },
        "2": Object {
          "1": 1,
          "3": 1,
        },
        "6": Object {
          "1": 1,
          "3": 1,
        },
      },
    ],
    Array [
      "tests",
      Object {
        "2": Object {
          "0": 1,
          "1": 1,
          "2": 1,
          "3": 1,
          "4": 1,
          "5": 1,
          "6": 1,
        },
      },
    ],
    Array [
      "or",
      Object {
        "0": Object {
          "1": 1,
        },
        "1": Object {
          "1": 1,
        },
        "2": Object {
          "1": 1,
        },
        "6": Object {
          "1": 1,
        },
      },
    ],
    Array [
      "slug",
      Object {
        "0": Object {
          "1": 1,
          "2": 1,
        },
        "1": Object {
          "1": 1,
          "2": 1,
        },
        "2": Object {
          "1": 1,
          "2": 1,
        },
        "6": Object {
          "1": 1,
          "2": 1,
        },
      },
    ],
    Array [
      "23",
      Object {
        "5": Object {
          "6": 1,
        },
      },
    ],
    Array [
      "283z",
      Object {
        "5": Object {
          "5": 1,
        },
      },
    ],
    Array [
      "28",
      Object {
        "5": Object {
          "0": 1,
        },
      },
    ],
    Array [
      "2022",
      Object {
        "5": Object {
          "0": 1,
          "1": 1,
          "2": 1,
          "3": 1,
          "4": 1,
          "5": 1,
          "6": 1,
        },
      },
    ],
    Array [
      "06",
      Object {
        "5": Object {
          "4": 1,
        },
      },
    ],
    Array [
      "04",
      Object {
        "5": Object {
          "3": 1,
        },
      },
    ],
    Array [
      "03",
      Object {
        "5": Object {
          "0": 1,
        },
      },
    ],
    Array [
      "08",
      Object {
        "5": Object {
          "0": 1,
          "1": 1,
          "2": 1,
          "3": 1,
          "4": 1,
          "5": 1,
          "6": 1,
        },
      },
    ],
    Array [
      "md",
      Object {
        "2": Object {
          "0": 1,
          "1": 1,
          "2": 1,
          "3": 1,
          "4": 1,
          "5": 1,
          "6": 1,
        },
      },
    ],
    Array [
      "basic",
      Object {
        "2": Object {
          "0": 1,
          "1": 1,
          "2": 1,
          "3": 1,
          "4": 1,
          "5": 1,
          "6": 1,
        },
      },
    ],
    Array [
      "hello",
      Object {
        "0": Object {
          "0": 1,
        },
        "1": Object {
          "0": 1,
        },
        "2": Object {
          "0": 1,
        },
        "6": Object {
          "0": 1,
        },
      },
    ],
  ],
  "nextId": 7,
  "serializationVersion": 2,
  "storedFields": Object {
    "0": Object {
      "createdAt": "2022-08-13T00:03:28.460Z",
      "description": "",
      "path": "tests/basic/hello.md",
      "slug": "hello-world",
      "tags": Array [],
      "title": "Hello",
    },
    "1": Object {
      "createdAt": "2022-08-18T19:41:31.436Z",
      "description": "",
      "path": "tests/basic/no-slug-or-title.md",
      "slug": "no-slug-or-title",
      "tags": Array [],
      "title": "no-slug-or-title",
    },
    "2": Object {
      "createdAt": "2022-08-18T19:41:31.440Z",
      "description": "",
      "path": "tests/basic/no-slug.md",
      "slug": "no-slug",
      "tags": Array [],
      "title": "No Slug",
    },
    "3": Object {
      "createdAt": "2022-08-13T00:04:52.168Z",
      "description": "",
      "path": "tests/basic/no-title.md",
      "slug": "no-title",
      "tags": Array [],
      "title": "no-title",
    },
    "4": Object {
      "createdAt": "2022-08-13T08:58:06.385Z",
      "description": "This is a description.",
      "path": "tests/basic/with-description.md",
      "slug": "with-description",
      "tags": Array [],
      "title": "With description",
    },
    "5": Object {
      "createdAt": "2022-08-13T08:36:12.283Z",
      "description": "",
      "path": "tests/basic/with-tags.md",
      "slug": "with-tags",
      "tags": Array [
        "tag1",
        "tag2",
      ],
      "title": "With tags",
    },
    "6": Object {
      "createdAt": "2022-08-13T00:23:57.483Z",
      "description": "",
      "path": "tests/basic/nested/nested-file.md",
      "slug": "nested-file",
      "tags": Array [],
      "title": "Nested File",
    },
  },
}
`;
