// Jest Snapshot v1, https://goo.gl/fbAQLP

exports[`buildIndex builds an index 1`] = `
Object {
  "averageFieldLength": Array [
    2.142857142857143,
    2.2857142857142856,
    5.142857142857143,
    0.3333333333333333,
    1,
  ],
  "documentCount": 7,
  "documentIds": Object {
    "0": "tests/basic/hello-world",
    "1": "tests/basic/no-slug-or-title",
    "2": "tests/basic/no-slug",
    "3": "tests/basic/no-title",
    "4": "tests/basic/with-description",
    "5": "tests/basic/with-tags",
    "6": "tests/basic/nested/nested-filed",
  },
  "fieldIds": Object {
    "description": 4,
    "path": 2,
    "slug": 1,
    "strippedContent": 5,
    "tags": 3,
    "title": 0,
  },
  "fieldLength": Object {
    "0": Array [
      1,
      2,
      4,
    ],
    "1": Array [
      4,
      4,
      7,
    ],
    "2": Array [
      2,
      2,
      5,
    ],
    "3": Array [
      2,
      2,
      5,
    ],
    "4": Array [
      2,
      2,
      5,
      ,
      5,
    ],
    "5": Array [
      2,
      2,
      5,
      2,
    ],
    "6": Array [
      2,
      2,
      5,
    ],
  },
  "index": Array [
    Array [
      "filed",
      Object {
        "1": Object {
          "6": 1,
        },
      },
    ],
    Array [
      "file",
      Object {
        "0": Object {
          "6": 1,
        },
        "2": Object {
          "6": 1,
        },
      },
    ],
    Array [
      "nested",
      Object {
        "0": Object {
          "6": 1,
        },
        "1": Object {
          "6": 1,
        },
        "2": Object {
          "6": 2,
        },
      },
    ],
    Array [
      "no",
      Object {
        "0": Object {
          "1": 1,
          "2": 1,
          "3": 1,
        },
        "1": Object {
          "1": 1,
          "2": 1,
          "3": 1,
        },
        "2": Object {
          "1": 1,
          "2": 1,
          "3": 1,
        },
      },
    ],
    Array [
      "a",
      Object {
        "4": Object {
          "4": 1,
        },
      },
    ],
    Array [
      "is",
      Object {
        "4": Object {
          "4": 1,
        },
      },
    ],
    Array [
      "description",
      Object {
        "0": Object {
          "4": 1,
        },
        "1": Object {
          "4": 1,
        },
        "2": Object {
          "4": 1,
        },
        "4": Object {
          "4": 1,
        },
      },
    ],
    Array [
      "with",
      Object {
        "0": Object {
          "4": 1,
          "5": 1,
        },
        "1": Object {
          "4": 1,
          "5": 1,
        },
        "2": Object {
          "4": 1,
          "5": 1,
        },
      },
    ],
    Array [
      "world",
      Object {
        "1": Object {
          "0": 1,
        },
      },
    ],
    Array [
      "tag2",
      Object {
        "3": Object {
          "5": 1,
        },
      },
    ],
    Array [
      "tag1",
      Object {
        "3": Object {
          "5": 1,
        },
      },
    ],
    Array [
      "tags",
      Object {
        "0": Object {
          "5": 1,
        },
        "1": Object {
          "5": 1,
        },
        "2": Object {
          "5": 1,
        },
      },
    ],
    Array [
      "this",
      Object {
        "4": Object {
          "4": 1,
        },
      },
    ],
    Array [
      "title",
      Object {
        "0": Object {
          "1": 1,
          "3": 1,
        },
        "1": Object {
          "1": 1,
          "3": 1,
        },
        "2": Object {
          "1": 1,
          "3": 1,
        },
      },
    ],
    Array [
      "tests",
      Object {
        "2": Object {
          "0": 1,
          "1": 1,
          "2": 1,
          "3": 1,
          "4": 1,
          "5": 1,
          "6": 1,
        },
      },
    ],
    Array [
      "or",
      Object {
        "0": Object {
          "1": 1,
        },
        "1": Object {
          "1": 1,
        },
        "2": Object {
          "1": 1,
        },
      },
    ],
    Array [
      "slug",
      Object {
        "0": Object {
          "1": 1,
          "2": 1,
        },
        "1": Object {
          "1": 1,
          "2": 1,
        },
        "2": Object {
          "1": 1,
          "2": 1,
        },
      },
    ],
    Array [
      "md",
      Object {
        "2": Object {
          "0": 1,
          "1": 1,
          "2": 1,
          "3": 1,
          "4": 1,
          "5": 1,
          "6": 1,
        },
      },
    ],
    Array [
      "basic",
      Object {
        "2": Object {
          "0": 1,
          "1": 1,
          "2": 1,
          "3": 1,
          "4": 1,
          "5": 1,
          "6": 1,
        },
      },
    ],
    Array [
      "hello",
      Object {
        "0": Object {
          "0": 1,
        },
        "1": Object {
          "0": 1,
        },
        "2": Object {
          "0": 1,
        },
      },
    ],
  ],
  "nextId": 7,
  "serializationVersion": 2,
  "storedFields": Object {
    "0": Object {
      "path": "tests/basic/hello.md",
      "slug": "hello-world",
      "title": "Hello",
    },
    "1": Object {
      "path": "tests/basic/no-slug-or-title.md",
      "slug": "no-slug-or-title",
      "title": "no-slug-or-title",
    },
    "2": Object {
      "path": "tests/basic/no-slug.md",
      "slug": "no-slug",
      "title": "No Slug",
    },
    "3": Object {
      "path": "tests/basic/no-title.md",
      "slug": "no-title",
      "title": "no-title",
    },
    "4": Object {
      "description": "This is a description.",
      "path": "tests/basic/with-description.md",
      "slug": "with-description",
      "title": "With description",
    },
    "5": Object {
      "path": "tests/basic/with-tags.md",
      "slug": "with-tags",
      "tags": Array [
        "tag1",
        "tag2",
      ],
      "title": "With tags",
    },
    "6": Object {
      "path": "tests/basic/nested/nested-file.md",
      "slug": "nested-filed",
      "title": "Nested File",
    },
  },
}
`;
