// Jest Snapshot v1, https://goo.gl/fbAQLP

exports[`getFile returns a file 1`] = `
Object {
  "content": "
# Hello world!
",
  "metadata": Object {
    "description": undefined,
    "id": "tests/basic/hello-world",
    "path": "tests/basic/hello.md",
    "slug": "hello-world",
    "tags": undefined,
    "title": "Hello",
  },
  "strippedContent": "Hello world!
",
}
`;

exports[`getFile returns all files 1`] = `
Map {
  "tests/basic/hello-world" => Object {
    "content": "
# Hello world!
",
    "metadata": Object {
      "description": undefined,
      "id": "tests/basic/hello-world",
      "path": "tests/basic/hello.md",
      "slug": "hello-world",
      "tags": undefined,
      "title": "Hello",
    },
    "strippedContent": "Hello world!
",
  },
  "tests/basic/no-slug-or-title" => Object {
    "content": "
# No slug or title
",
    "metadata": Object {
      "description": undefined,
      "id": "tests/basic/no-slug-or-title",
      "path": "tests/basic/no-slug-or-title.md",
      "slug": "no-slug-or-title",
      "tags": undefined,
      "title": "no-slug-or-title",
    },
    "strippedContent": "No slug or title
",
  },
  "tests/basic/no-slug" => Object {
    "content": "
# No slug
",
    "metadata": Object {
      "description": undefined,
      "id": "tests/basic/no-slug",
      "path": "tests/basic/no-slug.md",
      "slug": "no-slug",
      "tags": undefined,
      "title": "No Slug",
    },
    "strippedContent": "No slug
",
  },
  "tests/basic/no-title" => Object {
    "content": "
# No title
",
    "metadata": Object {
      "description": undefined,
      "id": "tests/basic/no-title",
      "path": "tests/basic/no-title.md",
      "slug": "no-title",
      "tags": undefined,
      "title": "no-title",
    },
    "strippedContent": "No title
",
  },
  "tests/basic/with-description" => Object {
    "content": "
# With description
",
    "metadata": Object {
      "description": "This is a description.",
      "id": "tests/basic/with-description",
      "path": "tests/basic/with-description.md",
      "slug": "with-description",
      "tags": undefined,
      "title": "With description",
    },
    "strippedContent": "With description
",
  },
  "tests/basic/with-tags" => Object {
    "content": "
# Tags!
",
    "metadata": Object {
      "description": undefined,
      "id": "tests/basic/with-tags",
      "path": "tests/basic/with-tags.md",
      "slug": "with-tags",
      "tags": Array [
        "tag1",
        "tag2",
      ],
      "title": "With tags",
    },
    "strippedContent": "Tags!
",
  },
  "tests/basic/nested/nested-filed" => Object {
    "content": "
# Nested File
",
    "metadata": Object {
      "description": undefined,
      "id": "tests/basic/nested/nested-filed",
      "path": "tests/basic/nested/nested-file.md",
      "slug": "nested-filed",
      "tags": undefined,
      "title": "Nested File",
    },
    "strippedContent": "Nested File
",
  },
}
`;
