// Jest Snapshot v1, https://goo.gl/fbAQLP

exports[`createMarkdownAPIModule can autosuggest search terms 1`] = `
Object {
  "count": 1,
  "results": Array [
    Object {
      "score": 11.339703517646557,
      "suggestion": "cat tiger tigers",
      "terms": Array [
        "cat",
        "tiger",
        "tigers",
      ],
    },
  ],
}
`;

exports[`createMarkdownAPIModule can query for a file 1`] = `
Object {
  "content": "
Messi was born in a zoo at Saransk, Russia. He was one of three newborn cougars at the zoo to be named after professional football players for currently Paris Saint-Germain and former FC Barcelona; Messi was named after Lionel Messi, and the other two were named Suarez and Neymar. The cubs were given these names because Saransk was one of several cities proposed to host the 2018 FIFA World Cup in Russia. Messi was later sold to a petting zoo in Penza when he was three months old.

Messi was significantly smaller than other typical male cougars, and as the species is not native to Russia, he could not be released into the wild. He had numerous other health problems as well, which deemed him unable to live in a zoo or wildlife sanctuary either. Furthermore, workers at the petting zoo originally planned to euthanize him.
",
  "description": "A happy cat",
  "genus": "Puma",
  "id": "cats-pumas-messi",
  "metadata": Object {
    "description": "A happy cat",
    "genus": "Puma",
    "id": "cats-pumas-messi",
    "path": "tests/cats/pumas/messi.md",
    "slug": "messi",
    "tags": Array [
      "cat",
      "puma",
    ],
    "title": "Messi",
  },
  "path": "tests/cats/pumas/messi.md",
  "slug": "messi",
  "strippedContent": "Messi was born in a zoo at Saransk, Russia. He was one of three newborn cougars at the zoo to be named after professional football players for currently Paris Saint-Germain and former FC Barcelona; Messi was named after Lionel Messi, and the other two were named Suarez and Neymar. The cubs were given these names because Saransk was one of several cities proposed to host the 2018 FIFA World Cup in Russia. Messi was later sold to a petting zoo in Penza when he was three months old.

Messi was significantly smaller than other typical male cougars, and as the species is not native to Russia, he could not be released into the wild. He had numerous other health problems as well, which deemed him unable to live in a zoo or wildlife sanctuary either. Furthermore, workers at the petting zoo originally planned to euthanize him.
",
  "tags": Array [
    "cat",
    "puma",
  ],
  "title": "Messi",
}
`;

exports[`createMarkdownAPIModule can search for files 1`] = `
Object {
  "count": 3,
  "results": Array [
    Object {
      "description": "A happy cat",
      "id": "cats-pumas-messi",
      "match": Object {
        "cat": Array [
          "tags",
          "description",
        ],
      },
      "path": "tests/cats/pumas/messi.md",
      "score": 1.4420433159390948,
      "slug": "messi",
      "tags": Array [
        "cat",
        "puma",
      ],
      "terms": Array [
        "cat",
      ],
      "title": "Messi",
    },
    Object {
      "description": "",
      "id": "cats-pumas-about",
      "match": Object {
        "cat": Array [
          "tags",
          "strippedContent",
        ],
      },
      "path": "tests/cats/pumas/puma.md",
      "score": 1.0082498727184037,
      "slug": "about",
      "tags": Array [
        "cat",
        "puma",
      ],
      "terms": Array [
        "cat",
      ],
      "title": "About",
    },
    Object {
      "description": "",
      "id": "cats-tigers-about",
      "match": Object {
        "cat": Array [
          "tags",
          "strippedContent",
        ],
      },
      "path": "tests/cats/tigers/about.md",
      "score": 0.8043337403252361,
      "slug": "about",
      "tags": Array [
        "cat",
        "tiger",
      ],
      "terms": Array [
        "cat",
      ],
      "title": "About",
    },
  ],
}
`;

exports[`createMarkdownAPIModule creates a GraphQLModule 1`] = `
Array [
  Object {
    "definitions": Array [
      Object {
        "description": undefined,
        "directives": Array [],
        "fields": Array [
          Object {
            "arguments": Array [
              Object {
                "defaultValue": undefined,
                "description": undefined,
                "directives": Array [],
                "kind": "InputValueDefinition",
                "loc": Object {
                  "end": 40,
                  "start": 33,
                },
                "name": Object {
                  "kind": "Name",
                  "loc": Object {
                    "end": 35,
                    "start": 33,
                  },
                  "value": "id",
                },
                "type": Object {
                  "kind": "NonNullType",
                  "loc": Object {
                    "end": 40,
                    "start": 37,
                  },
                  "type": Object {
                    "kind": "NamedType",
                    "loc": Object {
                      "end": 39,
                      "start": 37,
                    },
                    "name": Object {
                      "kind": "Name",
                      "loc": Object {
                        "end": 39,
                        "start": 37,
                      },
                      "value": "ID",
                    },
                  },
                },
              },
            ],
            "description": undefined,
            "directives": Array [],
            "kind": "FieldDefinition",
            "loc": Object {
              "end": 56,
              "start": 20,
            },
            "name": Object {
              "kind": "Name",
              "loc": Object {
                "end": 32,
                "start": 20,
              },
              "value": "markdownFile",
            },
            "type": Object {
              "kind": "NonNullType",
              "loc": Object {
                "end": 56,
                "start": 43,
              },
              "type": Object {
                "kind": "NamedType",
                "loc": Object {
                  "end": 55,
                  "start": 43,
                },
                "name": Object {
                  "kind": "Name",
                  "loc": Object {
                    "end": 55,
                    "start": 43,
                  },
                  "value": "MarkdownFile",
                },
              },
            },
          },
          Object {
            "arguments": Array [
              Object {
                "defaultValue": undefined,
                "description": undefined,
                "directives": Array [],
                "kind": "InputValueDefinition",
                "loc": Object {
                  "end": 94,
                  "start": 81,
                },
                "name": Object {
                  "kind": "Name",
                  "loc": Object {
                    "end": 85,
                    "start": 81,
                  },
                  "value": "text",
                },
                "type": Object {
                  "kind": "NonNullType",
                  "loc": Object {
                    "end": 94,
                    "start": 87,
                  },
                  "type": Object {
                    "kind": "NamedType",
                    "loc": Object {
                      "end": 93,
                      "start": 87,
                    },
                    "name": Object {
                      "kind": "Name",
                      "loc": Object {
                        "end": 93,
                        "start": 87,
                      },
                      "value": "String",
                    },
                  },
                },
              },
              Object {
                "defaultValue": undefined,
                "description": undefined,
                "directives": Array [],
                "kind": "InputValueDefinition",
                "loc": Object {
                  "end": 129,
                  "start": 95,
                },
                "name": Object {
                  "kind": "Name",
                  "loc": Object {
                    "end": 102,
                    "start": 95,
                  },
                  "value": "options",
                },
                "type": Object {
                  "kind": "NamedType",
                  "loc": Object {
                    "end": 129,
                    "start": 104,
                  },
                  "name": Object {
                    "kind": "Name",
                    "loc": Object {
                      "end": 129,
                      "start": 104,
                    },
                    "value": "MarkdownFileSearchOptions",
                  },
                },
              },
            ],
            "description": undefined,
            "directives": Array [],
            "kind": "FieldDefinition",
            "loc": Object {
              "end": 158,
              "start": 61,
            },
            "name": Object {
              "kind": "Name",
              "loc": Object {
                "end": 80,
                "start": 61,
              },
              "value": "searchMarkdownFiles",
            },
            "type": Object {
              "kind": "NonNullType",
              "loc": Object {
                "end": 158,
                "start": 132,
              },
              "type": Object {
                "kind": "NamedType",
                "loc": Object {
                  "end": 157,
                  "start": 132,
                },
                "name": Object {
                  "kind": "Name",
                  "loc": Object {
                    "end": 157,
                    "start": 132,
                  },
                  "value": "MarkdownFileSearchResults",
                },
              },
            },
          },
          Object {
            "arguments": Array [
              Object {
                "defaultValue": undefined,
                "description": undefined,
                "directives": Array [],
                "kind": "InputValueDefinition",
                "loc": Object {
                  "end": 207,
                  "start": 194,
                },
                "name": Object {
                  "kind": "Name",
                  "loc": Object {
                    "end": 198,
                    "start": 194,
                  },
                  "value": "text",
                },
                "type": Object {
                  "kind": "NonNullType",
                  "loc": Object {
                    "end": 207,
                    "start": 200,
                  },
                  "type": Object {
                    "kind": "NamedType",
                    "loc": Object {
                      "end": 206,
                      "start": 200,
                    },
                    "name": Object {
                      "kind": "Name",
                      "loc": Object {
                        "end": 206,
                        "start": 200,
                      },
                      "value": "String",
                    },
                  },
                },
              },
              Object {
                "defaultValue": undefined,
                "description": undefined,
                "directives": Array [],
                "kind": "InputValueDefinition",
                "loc": Object {
                  "end": 242,
                  "start": 208,
                },
                "name": Object {
                  "kind": "Name",
                  "loc": Object {
                    "end": 215,
                    "start": 208,
                  },
                  "value": "options",
                },
                "type": Object {
                  "kind": "NamedType",
                  "loc": Object {
                    "end": 242,
                    "start": 217,
                  },
                  "name": Object {
                    "kind": "Name",
                    "loc": Object {
                      "end": 242,
                      "start": 217,
                    },
                    "value": "MarkdownFileSearchOptions",
                  },
                },
              },
            ],
            "description": undefined,
            "directives": Array [],
            "kind": "FieldDefinition",
            "loc": Object {
              "end": 276,
              "start": 163,
            },
            "name": Object {
              "kind": "Name",
              "loc": Object {
                "end": 193,
                "start": 163,
              },
              "value": "autoSuggestMarkdownFileSearchs",
            },
            "type": Object {
              "kind": "NonNullType",
              "loc": Object {
                "end": 276,
                "start": 245,
              },
              "type": Object {
                "kind": "NamedType",
                "loc": Object {
                  "end": 275,
                  "start": 245,
                },
                "name": Object {
                  "kind": "Name",
                  "loc": Object {
                    "end": 275,
                    "start": 245,
                  },
                  "value": "MarkdownFileAutoSuggestResults",
                },
              },
            },
          },
          Object {
            "arguments": Array [],
            "description": undefined,
            "directives": Array [],
            "kind": "FieldDefinition",
            "loc": Object {
              "end": 318,
              "start": 281,
            },
            "name": Object {
              "kind": "Name",
              "loc": Object {
                "end": 297,
                "start": 281,
              },
              "value": "markdownFileTags",
            },
            "type": Object {
              "kind": "NonNullType",
              "loc": Object {
                "end": 318,
                "start": 299,
              },
              "type": Object {
                "kind": "ListType",
                "loc": Object {
                  "end": 317,
                  "start": 299,
                },
                "type": Object {
                  "kind": "NonNullType",
                  "loc": Object {
                    "end": 316,
                    "start": 300,
                  },
                  "type": Object {
                    "kind": "NamedType",
                    "loc": Object {
                      "end": 315,
                      "start": 300,
                    },
                    "name": Object {
                      "kind": "Name",
                      "loc": Object {
                        "end": 315,
                        "start": 300,
                      },
                      "value": "MarkdownFileTag",
                    },
                  },
                },
              },
            },
          },
        ],
        "interfaces": Array [],
        "kind": "ObjectTypeDefinition",
        "loc": Object {
          "end": 322,
          "start": 3,
        },
        "name": Object {
          "kind": "Name",
          "loc": Object {
            "end": 13,
            "start": 8,
          },
          "value": "Query",
        },
      },
      Object {
        "description": undefined,
        "directives": Array [],
        "fields": Array [
          Object {
            "arguments": Array [],
            "description": undefined,
            "directives": Array [],
            "kind": "FieldDefinition",
            "loc": Object {
              "end": 357,
              "start": 350,
            },
            "name": Object {
              "kind": "Name",
              "loc": Object {
                "end": 352,
                "start": 350,
              },
              "value": "id",
            },
            "type": Object {
              "kind": "NonNullType",
              "loc": Object {
                "end": 357,
                "start": 354,
              },
              "type": Object {
                "kind": "NamedType",
                "loc": Object {
                  "end": 356,
                  "start": 354,
                },
                "name": Object {
                  "kind": "Name",
                  "loc": Object {
                    "end": 356,
                    "start": 354,
                  },
                  "value": "ID",
                },
              },
            },
          },
          Object {
            "arguments": Array [],
            "description": undefined,
            "directives": Array [],
            "kind": "FieldDefinition",
            "loc": Object {
              "end": 375,
              "start": 362,
            },
            "name": Object {
              "kind": "Name",
              "loc": Object {
                "end": 366,
                "start": 362,
              },
              "value": "path",
            },
            "type": Object {
              "kind": "NonNullType",
              "loc": Object {
                "end": 375,
                "start": 368,
              },
              "type": Object {
                "kind": "NamedType",
                "loc": Object {
                  "end": 374,
                  "start": 368,
                },
                "name": Object {
                  "kind": "Name",
                  "loc": Object {
                    "end": 374,
                    "start": 368,
                  },
                  "value": "String",
                },
              },
            },
          },
          Object {
            "arguments": Array [],
            "description": undefined,
            "directives": Array [],
            "kind": "FieldDefinition",
            "loc": Object {
              "end": 393,
              "start": 380,
            },
            "name": Object {
              "kind": "Name",
              "loc": Object {
                "end": 384,
                "start": 380,
              },
              "value": "slug",
            },
            "type": Object {
              "kind": "NonNullType",
              "loc": Object {
                "end": 393,
                "start": 386,
              },
              "type": Object {
                "kind": "NamedType",
                "loc": Object {
                  "end": 392,
                  "start": 386,
                },
                "name": Object {
                  "kind": "Name",
                  "loc": Object {
                    "end": 392,
                    "start": 386,
                  },
                  "value": "String",
                },
              },
            },
          },
          Object {
            "arguments": Array [],
            "description": undefined,
            "directives": Array [],
            "kind": "FieldDefinition",
            "loc": Object {
              "end": 413,
              "start": 398,
            },
            "name": Object {
              "kind": "Name",
              "loc": Object {
                "end": 402,
                "start": 398,
              },
              "value": "tags",
            },
            "type": Object {
              "kind": "ListType",
              "loc": Object {
                "end": 413,
                "start": 404,
              },
              "type": Object {
                "kind": "NonNullType",
                "loc": Object {
                  "end": 412,
                  "start": 405,
                },
                "type": Object {
                  "kind": "NamedType",
                  "loc": Object {
                    "end": 411,
                    "start": 405,
                  },
                  "name": Object {
                    "kind": "Name",
                    "loc": Object {
                      "end": 411,
                      "start": 405,
                    },
                    "value": "String",
                  },
                },
              },
            },
          },
          Object {
            "arguments": Array [],
            "description": undefined,
            "directives": Array [],
            "kind": "FieldDefinition",
            "loc": Object {
              "end": 432,
              "start": 418,
            },
            "name": Object {
              "kind": "Name",
              "loc": Object {
                "end": 423,
                "start": 418,
              },
              "value": "title",
            },
            "type": Object {
              "kind": "NonNullType",
              "loc": Object {
                "end": 432,
                "start": 425,
              },
              "type": Object {
                "kind": "NamedType",
                "loc": Object {
                  "end": 431,
                  "start": 425,
                },
                "name": Object {
                  "kind": "Name",
                  "loc": Object {
                    "end": 431,
                    "start": 425,
                  },
                  "value": "String",
                },
              },
            },
          },
          Object {
            "arguments": Array [],
            "description": undefined,
            "directives": Array [],
            "kind": "FieldDefinition",
            "loc": Object {
              "end": 456,
              "start": 437,
            },
            "name": Object {
              "kind": "Name",
              "loc": Object {
                "end": 448,
                "start": 437,
              },
              "value": "description",
            },
            "type": Object {
              "kind": "NamedType",
              "loc": Object {
                "end": 456,
                "start": 450,
              },
              "name": Object {
                "kind": "Name",
                "loc": Object {
                  "end": 456,
                  "start": 450,
                },
                "value": "String",
              },
            },
          },
          Object {
            "arguments": Array [],
            "description": undefined,
            "directives": Array [],
            "kind": "FieldDefinition",
            "loc": Object {
              "end": 477,
              "start": 461,
            },
            "name": Object {
              "kind": "Name",
              "loc": Object {
                "end": 468,
                "start": 461,
              },
              "value": "content",
            },
            "type": Object {
              "kind": "NonNullType",
              "loc": Object {
                "end": 477,
                "start": 470,
              },
              "type": Object {
                "kind": "NamedType",
                "loc": Object {
                  "end": 476,
                  "start": 470,
                },
                "name": Object {
                  "kind": "Name",
                  "loc": Object {
                    "end": 476,
                    "start": 470,
                  },
                  "value": "String",
                },
              },
            },
          },
          Object {
            "arguments": Array [],
            "description": undefined,
            "directives": Array [],
            "kind": "FieldDefinition",
            "loc": Object {
              "end": 506,
              "start": 482,
            },
            "name": Object {
              "kind": "Name",
              "loc": Object {
                "end": 497,
                "start": 482,
              },
              "value": "strippedContent",
            },
            "type": Object {
              "kind": "NonNullType",
              "loc": Object {
                "end": 506,
                "start": 499,
              },
              "type": Object {
                "kind": "NamedType",
                "loc": Object {
                  "end": 505,
                  "start": 499,
                },
                "name": Object {
                  "kind": "Name",
                  "loc": Object {
                    "end": 505,
                    "start": 499,
                  },
                  "value": "String",
                },
              },
            },
          },
        ],
        "interfaces": Array [],
        "kind": "ObjectTypeDefinition",
        "loc": Object {
          "end": 510,
          "start": 326,
        },
        "name": Object {
          "kind": "Name",
          "loc": Object {
            "end": 343,
            "start": 331,
          },
          "value": "MarkdownFile",
        },
      },
      Object {
        "description": undefined,
        "directives": Array [],
        "fields": Array [
          Object {
            "arguments": Array [],
            "description": undefined,
            "directives": Array [],
            "kind": "FieldDefinition",
            "loc": Object {
              "end": 562,
              "start": 551,
            },
            "name": Object {
              "kind": "Name",
              "loc": Object {
                "end": 556,
                "start": 551,
              },
              "value": "count",
            },
            "type": Object {
              "kind": "NonNullType",
              "loc": Object {
                "end": 562,
                "start": 558,
              },
              "type": Object {
                "kind": "NamedType",
                "loc": Object {
                  "end": 561,
                  "start": 558,
                },
                "name": Object {
                  "kind": "Name",
                  "loc": Object {
                    "end": 561,
                    "start": 558,
                  },
                  "value": "Int",
                },
              },
            },
          },
          Object {
            "arguments": Array [],
            "description": undefined,
            "directives": Array [],
            "kind": "FieldDefinition",
            "loc": Object {
              "end": 604,
              "start": 567,
            },
            "name": Object {
              "kind": "Name",
              "loc": Object {
                "end": 574,
                "start": 567,
              },
              "value": "results",
            },
            "type": Object {
              "kind": "NonNullType",
              "loc": Object {
                "end": 604,
                "start": 576,
              },
              "type": Object {
                "kind": "ListType",
                "loc": Object {
                  "end": 603,
                  "start": 576,
                },
                "type": Object {
                  "kind": "NonNullType",
                  "loc": Object {
                    "end": 602,
                    "start": 577,
                  },
                  "type": Object {
                    "kind": "NamedType",
                    "loc": Object {
                      "end": 601,
                      "start": 577,
                    },
                    "name": Object {
                      "kind": "Name",
                      "loc": Object {
                        "end": 601,
                        "start": 577,
                      },
                      "value": "MarkdownFileSearchResult",
                    },
                  },
                },
              },
            },
          },
        ],
        "interfaces": Array [],
        "kind": "ObjectTypeDefinition",
        "loc": Object {
          "end": 608,
          "start": 514,
        },
        "name": Object {
          "kind": "Name",
          "loc": Object {
            "end": 544,
            "start": 519,
          },
          "value": "MarkdownFileSearchResults",
        },
      },
      Object {
        "description": undefined,
        "directives": Array [],
        "fields": Array [
          Object {
            "arguments": Array [],
            "description": undefined,
            "directives": Array [],
            "kind": "FieldDefinition",
            "loc": Object {
              "end": 655,
              "start": 648,
            },
            "name": Object {
              "kind": "Name",
              "loc": Object {
                "end": 650,
                "start": 648,
              },
              "value": "id",
            },
            "type": Object {
              "kind": "NonNullType",
              "loc": Object {
                "end": 655,
                "start": 652,
              },
              "type": Object {
                "kind": "NamedType",
                "loc": Object {
                  "end": 654,
                  "start": 652,
                },
                "name": Object {
                  "kind": "Name",
                  "loc": Object {
                    "end": 654,
                    "start": 652,
                  },
                  "value": "ID",
                },
              },
            },
          },
          Object {
            "arguments": Array [],
            "description": undefined,
            "directives": Array [],
            "kind": "FieldDefinition",
            "loc": Object {
              "end": 679,
              "start": 660,
            },
            "name": Object {
              "kind": "Name",
              "loc": Object {
                "end": 671,
                "start": 660,
              },
              "value": "description",
            },
            "type": Object {
              "kind": "NamedType",
              "loc": Object {
                "end": 679,
                "start": 673,
              },
              "name": Object {
                "kind": "Name",
                "loc": Object {
                  "end": 679,
                  "start": 673,
                },
                "value": "String",
              },
            },
          },
          Object {
            "arguments": Array [],
            "description": undefined,
            "directives": Array [],
            "kind": "FieldDefinition",
            "loc": Object {
              "end": 697,
              "start": 684,
            },
            "name": Object {
              "kind": "Name",
              "loc": Object {
                "end": 689,
                "start": 684,
              },
              "value": "score",
            },
            "type": Object {
              "kind": "NonNullType",
              "loc": Object {
                "end": 697,
                "start": 691,
              },
              "type": Object {
                "kind": "NamedType",
                "loc": Object {
                  "end": 696,
                  "start": 691,
                },
                "name": Object {
                  "kind": "Name",
                  "loc": Object {
                    "end": 696,
                    "start": 691,
                  },
                  "value": "Float",
                },
              },
            },
          },
          Object {
            "arguments": Array [],
            "description": undefined,
            "directives": Array [],
            "kind": "FieldDefinition",
            "loc": Object {
              "end": 718,
              "start": 702,
            },
            "name": Object {
              "kind": "Name",
              "loc": Object {
                "end": 707,
                "start": 702,
              },
              "value": "terms",
            },
            "type": Object {
              "kind": "ListType",
              "loc": Object {
                "end": 718,
                "start": 709,
              },
              "type": Object {
                "kind": "NonNullType",
                "loc": Object {
                  "end": 717,
                  "start": 710,
                },
                "type": Object {
                  "kind": "NamedType",
                  "loc": Object {
                    "end": 716,
                    "start": 710,
                  },
                  "name": Object {
                    "kind": "Name",
                    "loc": Object {
                      "end": 716,
                      "start": 710,
                    },
                    "value": "String",
                  },
                },
              },
            },
          },
          Object {
            "arguments": Array [],
            "description": undefined,
            "directives": Array [],
            "kind": "FieldDefinition",
            "loc": Object {
              "end": 737,
              "start": 723,
            },
            "name": Object {
              "kind": "Name",
              "loc": Object {
                "end": 728,
                "start": 723,
              },
              "value": "title",
            },
            "type": Object {
              "kind": "NonNullType",
              "loc": Object {
                "end": 737,
                "start": 730,
              },
              "type": Object {
                "kind": "NamedType",
                "loc": Object {
                  "end": 736,
                  "start": 730,
                },
                "name": Object {
                  "kind": "Name",
                  "loc": Object {
                    "end": 736,
                    "start": 730,
                  },
                  "value": "String",
                },
              },
            },
          },
          Object {
            "arguments": Array [],
            "description": undefined,
            "directives": Array [],
            "kind": "FieldDefinition",
            "loc": Object {
              "end": 755,
              "start": 742,
            },
            "name": Object {
              "kind": "Name",
              "loc": Object {
                "end": 746,
                "start": 742,
              },
              "value": "slug",
            },
            "type": Object {
              "kind": "NonNullType",
              "loc": Object {
                "end": 755,
                "start": 748,
              },
              "type": Object {
                "kind": "NamedType",
                "loc": Object {
                  "end": 754,
                  "start": 748,
                },
                "name": Object {
                  "kind": "Name",
                  "loc": Object {
                    "end": 754,
                    "start": 748,
                  },
                  "value": "String",
                },
              },
            },
          },
          Object {
            "arguments": Array [],
            "description": undefined,
            "directives": Array [],
            "kind": "FieldDefinition",
            "loc": Object {
              "end": 773,
              "start": 760,
            },
            "name": Object {
              "kind": "Name",
              "loc": Object {
                "end": 764,
                "start": 760,
              },
              "value": "path",
            },
            "type": Object {
              "kind": "NonNullType",
              "loc": Object {
                "end": 773,
                "start": 766,
              },
              "type": Object {
                "kind": "NamedType",
                "loc": Object {
                  "end": 772,
                  "start": 766,
                },
                "name": Object {
                  "kind": "Name",
                  "loc": Object {
                    "end": 772,
                    "start": 766,
                  },
                  "value": "String",
                },
              },
            },
          },
          Object {
            "arguments": Array [],
            "description": undefined,
            "directives": Array [],
            "kind": "FieldDefinition",
            "loc": Object {
              "end": 793,
              "start": 778,
            },
            "name": Object {
              "kind": "Name",
              "loc": Object {
                "end": 782,
                "start": 778,
              },
              "value": "tags",
            },
            "type": Object {
              "kind": "ListType",
              "loc": Object {
                "end": 793,
                "start": 784,
              },
              "type": Object {
                "kind": "NonNullType",
                "loc": Object {
                  "end": 792,
                  "start": 785,
                },
                "type": Object {
                  "kind": "NamedType",
                  "loc": Object {
                    "end": 791,
                    "start": 785,
                  },
                  "name": Object {
                    "kind": "Name",
                    "loc": Object {
                      "end": 791,
                      "start": 785,
                    },
                    "value": "String",
                  },
                },
              },
            },
          },
          Object {
            "arguments": Array [],
            "description": undefined,
            "directives": Array [],
            "kind": "FieldDefinition",
            "loc": Object {
              "end": 825,
              "start": 798,
            },
            "name": Object {
              "kind": "Name",
              "loc": Object {
                "end": 810,
                "start": 798,
              },
              "value": "markdownFile",
            },
            "type": Object {
              "kind": "NonNullType",
              "loc": Object {
                "end": 825,
                "start": 812,
              },
              "type": Object {
                "kind": "NamedType",
                "loc": Object {
                  "end": 824,
                  "start": 812,
                },
                "name": Object {
                  "kind": "Name",
                  "loc": Object {
                    "end": 824,
                    "start": 812,
                  },
                  "value": "MarkdownFile",
                },
              },
            },
          },
        ],
        "interfaces": Array [],
        "kind": "ObjectTypeDefinition",
        "loc": Object {
          "end": 829,
          "start": 612,
        },
        "name": Object {
          "kind": "Name",
          "loc": Object {
            "end": 641,
            "start": 617,
          },
          "value": "MarkdownFileSearchResult",
        },
      },
      Object {
        "description": undefined,
        "directives": Array [],
        "fields": Array [
          Object {
            "arguments": Array [],
            "description": undefined,
            "directives": Array [],
            "kind": "FieldDefinition",
            "loc": Object {
              "end": 873,
              "start": 860,
            },
            "name": Object {
              "kind": "Name",
              "loc": Object {
                "end": 864,
                "start": 860,
              },
              "value": "name",
            },
            "type": Object {
              "kind": "NonNullType",
              "loc": Object {
                "end": 873,
                "start": 866,
              },
              "type": Object {
                "kind": "NamedType",
                "loc": Object {
                  "end": 872,
                  "start": 866,
                },
                "name": Object {
                  "kind": "Name",
                  "loc": Object {
                    "end": 872,
                    "start": 866,
                  },
                  "value": "String",
                },
              },
            },
          },
          Object {
            "arguments": Array [],
            "description": undefined,
            "directives": Array [],
            "kind": "FieldDefinition",
            "loc": Object {
              "end": 897,
              "start": 878,
            },
            "name": Object {
              "kind": "Name",
              "loc": Object {
                "end": 889,
                "start": 878,
              },
              "value": "description",
            },
            "type": Object {
              "kind": "NamedType",
              "loc": Object {
                "end": 897,
                "start": 891,
              },
              "name": Object {
                "kind": "Name",
                "loc": Object {
                  "end": 897,
                  "start": 891,
                },
                "value": "String",
              },
            },
          },
        ],
        "interfaces": Array [],
        "kind": "ObjectTypeDefinition",
        "loc": Object {
          "end": 901,
          "start": 833,
        },
        "name": Object {
          "kind": "Name",
          "loc": Object {
            "end": 853,
            "start": 838,
          },
          "value": "MarkdownFileTag",
        },
      },
      Object {
        "description": undefined,
        "directives": Array [],
        "fields": Array [
          Object {
            "defaultValue": undefined,
            "description": undefined,
            "directives": Array [],
            "kind": "InputValueDefinition",
            "loc": Object {
              "end": 960,
              "start": 943,
            },
            "name": Object {
              "kind": "Name",
              "loc": Object {
                "end": 949,
                "start": 943,
              },
              "value": "fields",
            },
            "type": Object {
              "kind": "ListType",
              "loc": Object {
                "end": 960,
                "start": 951,
              },
              "type": Object {
                "kind": "NonNullType",
                "loc": Object {
                  "end": 959,
                  "start": 952,
                },
                "type": Object {
                  "kind": "NamedType",
                  "loc": Object {
                    "end": 958,
                    "start": 952,
                  },
                  "name": Object {
                    "kind": "Name",
                    "loc": Object {
                      "end": 958,
                      "start": 952,
                    },
                    "value": "String",
                  },
                },
              },
            },
          },
          Object {
            "defaultValue": undefined,
            "description": undefined,
            "directives": Array [],
            "kind": "InputValueDefinition",
            "loc": Object {
              "end": 1006,
              "start": 965,
            },
            "name": Object {
              "kind": "Name",
              "loc": Object {
                "end": 972,
                "start": 965,
              },
              "value": "weights",
            },
            "type": Object {
              "kind": "NamedType",
              "loc": Object {
                "end": 1006,
                "start": 974,
              },
              "name": Object {
                "kind": "Name",
                "loc": Object {
                  "end": 1006,
                  "start": 974,
                },
                "value": "MarkdownFileSearchOptionsWeights",
              },
            },
          },
          Object {
            "defaultValue": undefined,
            "description": undefined,
            "directives": Array [],
            "kind": "InputValueDefinition",
            "loc": Object {
              "end": 1026,
              "start": 1011,
            },
            "name": Object {
              "kind": "Name",
              "loc": Object {
                "end": 1017,
                "start": 1011,
              },
              "value": "prefix",
            },
            "type": Object {
              "kind": "NamedType",
              "loc": Object {
                "end": 1026,
                "start": 1019,
              },
              "name": Object {
                "kind": "Name",
                "loc": Object {
                  "end": 1026,
                  "start": 1019,
                },
                "value": "Boolean",
              },
            },
          },
          Object {
            "defaultValue": undefined,
            "description": undefined,
            "directives": Array [],
            "kind": "InputValueDefinition",
            "loc": Object {
              "end": 1045,
              "start": 1031,
            },
            "name": Object {
              "kind": "Name",
              "loc": Object {
                "end": 1036,
                "start": 1031,
              },
              "value": "fuzzy",
            },
            "type": Object {
              "kind": "NamedType",
              "loc": Object {
                "end": 1045,
                "start": 1038,
              },
              "name": Object {
                "kind": "Name",
                "loc": Object {
                  "end": 1045,
                  "start": 1038,
                },
                "value": "Boolean",
              },
            },
          },
          Object {
            "defaultValue": undefined,
            "description": undefined,
            "directives": Array [],
            "kind": "InputValueDefinition",
            "loc": Object {
              "end": 1063,
              "start": 1050,
            },
            "name": Object {
              "kind": "Name",
              "loc": Object {
                "end": 1058,
                "start": 1050,
              },
              "value": "maxFuzzy",
            },
            "type": Object {
              "kind": "NamedType",
              "loc": Object {
                "end": 1063,
                "start": 1060,
              },
              "name": Object {
                "kind": "Name",
                "loc": Object {
                  "end": 1063,
                  "start": 1060,
                },
                "value": "Int",
              },
            },
          },
          Object {
            "defaultValue": undefined,
            "description": undefined,
            "directives": Array [],
            "kind": "InputValueDefinition",
            "loc": Object {
              "end": 1117,
              "start": 1068,
            },
            "name": Object {
              "kind": "Name",
              "loc": Object {
                "end": 1079,
                "start": 1068,
              },
              "value": "combineWith",
            },
            "type": Object {
              "kind": "NamedType",
              "loc": Object {
                "end": 1117,
                "start": 1081,
              },
              "name": Object {
                "kind": "Name",
                "loc": Object {
                  "end": 1117,
                  "start": 1081,
                },
                "value": "MarkdownFileSearchOptionsCombineWith",
              },
            },
          },
        ],
        "kind": "InputObjectTypeDefinition",
        "loc": Object {
          "end": 1121,
          "start": 905,
        },
        "name": Object {
          "kind": "Name",
          "loc": Object {
            "end": 936,
            "start": 911,
          },
          "value": "MarkdownFileSearchOptions",
        },
      },
      Object {
        "description": undefined,
        "directives": Array [],
        "fields": Array [
          Object {
            "arguments": Array [],
            "description": undefined,
            "directives": Array [],
            "kind": "FieldDefinition",
            "loc": Object {
              "end": 1178,
              "start": 1167,
            },
            "name": Object {
              "kind": "Name",
              "loc": Object {
                "end": 1172,
                "start": 1167,
              },
              "value": "count",
            },
            "type": Object {
              "kind": "NonNullType",
              "loc": Object {
                "end": 1178,
                "start": 1174,
              },
              "type": Object {
                "kind": "NamedType",
                "loc": Object {
                  "end": 1177,
                  "start": 1174,
                },
                "name": Object {
                  "kind": "Name",
                  "loc": Object {
                    "end": 1177,
                    "start": 1174,
                  },
                  "value": "Int",
                },
              },
            },
          },
          Object {
            "arguments": Array [],
            "description": undefined,
            "directives": Array [],
            "kind": "FieldDefinition",
            "loc": Object {
              "end": 1225,
              "start": 1183,
            },
            "name": Object {
              "kind": "Name",
              "loc": Object {
                "end": 1190,
                "start": 1183,
              },
              "value": "results",
            },
            "type": Object {
              "kind": "NonNullType",
              "loc": Object {
                "end": 1225,
                "start": 1192,
              },
              "type": Object {
                "kind": "ListType",
                "loc": Object {
                  "end": 1224,
                  "start": 1192,
                },
                "type": Object {
                  "kind": "NonNullType",
                  "loc": Object {
                    "end": 1223,
                    "start": 1193,
                  },
                  "type": Object {
                    "kind": "NamedType",
                    "loc": Object {
                      "end": 1222,
                      "start": 1193,
                    },
                    "name": Object {
                      "kind": "Name",
                      "loc": Object {
                        "end": 1222,
                        "start": 1193,
                      },
                      "value": "MarkdownFileAutoSuggestResult",
                    },
                  },
                },
              },
            },
          },
        ],
        "interfaces": Array [],
        "kind": "ObjectTypeDefinition",
        "loc": Object {
          "end": 1229,
          "start": 1125,
        },
        "name": Object {
          "kind": "Name",
          "loc": Object {
            "end": 1160,
            "start": 1130,
          },
          "value": "MarkdownFileAutoSuggestResults",
        },
      },
      Object {
        "description": undefined,
        "directives": Array [],
        "fields": Array [
          Object {
            "arguments": Array [],
            "description": undefined,
            "directives": Array [],
            "kind": "FieldDefinition",
            "loc": Object {
              "end": 1293,
              "start": 1274,
            },
            "name": Object {
              "kind": "Name",
              "loc": Object {
                "end": 1284,
                "start": 1274,
              },
              "value": "suggestion",
            },
            "type": Object {
              "kind": "NonNullType",
              "loc": Object {
                "end": 1293,
                "start": 1286,
              },
              "type": Object {
                "kind": "NamedType",
                "loc": Object {
                  "end": 1292,
                  "start": 1286,
                },
                "name": Object {
                  "kind": "Name",
                  "loc": Object {
                    "end": 1292,
                    "start": 1286,
                  },
                  "value": "String",
                },
              },
            },
          },
          Object {
            "arguments": Array [],
            "description": undefined,
            "directives": Array [],
            "kind": "FieldDefinition",
            "loc": Object {
              "end": 1315,
              "start": 1298,
            },
            "name": Object {
              "kind": "Name",
              "loc": Object {
                "end": 1303,
                "start": 1298,
              },
              "value": "terms",
            },
            "type": Object {
              "kind": "NonNullType",
              "loc": Object {
                "end": 1315,
                "start": 1305,
              },
              "type": Object {
                "kind": "ListType",
                "loc": Object {
                  "end": 1314,
                  "start": 1305,
                },
                "type": Object {
                  "kind": "NonNullType",
                  "loc": Object {
                    "end": 1313,
                    "start": 1306,
                  },
                  "type": Object {
                    "kind": "NamedType",
                    "loc": Object {
                      "end": 1312,
                      "start": 1306,
                    },
                    "name": Object {
                      "kind": "Name",
                      "loc": Object {
                        "end": 1312,
                        "start": 1306,
                      },
                      "value": "String",
                    },
                  },
                },
              },
            },
          },
          Object {
            "arguments": Array [],
            "description": undefined,
            "directives": Array [],
            "kind": "FieldDefinition",
            "loc": Object {
              "end": 1333,
              "start": 1320,
            },
            "name": Object {
              "kind": "Name",
              "loc": Object {
                "end": 1325,
                "start": 1320,
              },
              "value": "score",
            },
            "type": Object {
              "kind": "NonNullType",
              "loc": Object {
                "end": 1333,
                "start": 1327,
              },
              "type": Object {
                "kind": "NamedType",
                "loc": Object {
                  "end": 1332,
                  "start": 1327,
                },
                "name": Object {
                  "kind": "Name",
                  "loc": Object {
                    "end": 1332,
                    "start": 1327,
                  },
                  "value": "Float",
                },
              },
            },
          },
        ],
        "interfaces": Array [],
        "kind": "ObjectTypeDefinition",
        "loc": Object {
          "end": 1337,
          "start": 1233,
        },
        "name": Object {
          "kind": "Name",
          "loc": Object {
            "end": 1267,
            "start": 1238,
          },
          "value": "MarkdownFileAutoSuggestResult",
        },
      },
      Object {
        "description": undefined,
        "directives": Array [],
        "kind": "EnumTypeDefinition",
        "loc": Object {
          "end": 1403,
          "start": 1341,
        },
        "name": Object {
          "kind": "Name",
          "loc": Object {
            "end": 1382,
            "start": 1346,
          },
          "value": "MarkdownFileSearchOptionsCombineWith",
        },
        "values": Array [
          Object {
            "description": undefined,
            "directives": Array [],
            "kind": "EnumValueDefinition",
            "loc": Object {
              "end": 1392,
              "start": 1389,
            },
            "name": Object {
              "kind": "Name",
              "loc": Object {
                "end": 1392,
                "start": 1389,
              },
              "value": "AND",
            },
          },
          Object {
            "description": undefined,
            "directives": Array [],
            "kind": "EnumValueDefinition",
            "loc": Object {
              "end": 1399,
              "start": 1397,
            },
            "name": Object {
              "kind": "Name",
              "loc": Object {
                "end": 1399,
                "start": 1397,
              },
              "value": "OR",
            },
          },
        ],
      },
      Object {
        "description": undefined,
        "directives": Array [],
        "fields": Array [
          Object {
            "defaultValue": undefined,
            "description": undefined,
            "directives": Array [],
            "kind": "InputValueDefinition",
            "loc": Object {
              "end": 1465,
              "start": 1452,
            },
            "name": Object {
              "kind": "Name",
              "loc": Object {
                "end": 1457,
                "start": 1452,
              },
              "value": "fuzzy",
            },
            "type": Object {
              "kind": "NonNullType",
              "loc": Object {
                "end": 1465,
                "start": 1459,
              },
              "type": Object {
                "kind": "NamedType",
                "loc": Object {
                  "end": 1464,
                  "start": 1459,
                },
                "name": Object {
                  "kind": "Name",
                  "loc": Object {
                    "end": 1464,
                    "start": 1459,
                  },
                  "value": "Float",
                },
              },
            },
          },
          Object {
            "defaultValue": undefined,
            "description": undefined,
            "directives": Array [],
            "kind": "InputValueDefinition",
            "loc": Object {
              "end": 1483,
              "start": 1470,
            },
            "name": Object {
              "kind": "Name",
              "loc": Object {
                "end": 1475,
                "start": 1470,
              },
              "value": "exact",
            },
            "type": Object {
              "kind": "NonNullType",
              "loc": Object {
                "end": 1483,
                "start": 1477,
              },
              "type": Object {
                "kind": "NamedType",
                "loc": Object {
                  "end": 1482,
                  "start": 1477,
                },
                "name": Object {
                  "kind": "Name",
                  "loc": Object {
                    "end": 1482,
                    "start": 1477,
                  },
                  "value": "Float",
                },
              },
            },
          },
        ],
        "kind": "InputObjectTypeDefinition",
        "loc": Object {
          "end": 1487,
          "start": 1407,
        },
        "name": Object {
          "kind": "Name",
          "loc": Object {
            "end": 1445,
            "start": 1413,
          },
          "value": "MarkdownFileSearchOptionsWeights",
        },
      },
    ],
    "kind": "Document",
    "loc": Object {
      "end": 1488,
      "start": 0,
    },
  },
]
`;
