// Jest Snapshot v1, https://goo.gl/fbAQLP

exports[`loadIndexJSON loads index 1`] = `
Object {
  "averageFieldLength": Array [
    1.8,
    1.8,
    5.4,
    2,
    21.4,
    6,
    190.6,
  ],
  "documentCount": 5,
  "documentIds": Object {
    "0": "lions-about-lions",
    "1": "pumas-cougar",
    "2": "tigers-about-tigers",
    "3": "tigers-bengal-tiger",
    "4": "tigers-indochinese-tiger",
  },
  "fieldIds": Object {
    "createdAt": 5,
    "description": 4,
    "path": 2,
    "slug": 1,
    "strippedContent": 6,
    "tags": 3,
    "title": 0,
  },
  "fieldLength": Object {
    "0": Array [
      2,
      2,
      5,
      2,
      34,
      6,
      211,
    ],
    "1": Array [
      1,
      1,
      5,
      2,
      13,
      6,
      160,
    ],
    "2": Array [
      2,
      2,
      5,
      2,
      16,
      6,
      215,
    ],
    "3": Array [
      2,
      2,
      6,
      2,
      27,
      6,
      215,
    ],
    "4": Array [
      2,
      2,
      6,
      2,
      17,
      6,
      152,
    ],
  },
  "index": Array [
    Array [
      "to",
      Object {
        "4": Object {
          "0": 1,
          "1": 1,
          "3": 2,
          "4": 1,
        },
        "6": Object {
          "0": 4,
          "1": 6,
          "2": 8,
          "3": 8,
          "4": 11,
        },
      },
    ],
    Array [
      "together",
      Object {
        "6": Object {
          "0": 1,
        },
      },
    ],
    Array [
      "today",
      Object {
        "4": Object {
          "3": 1,
        },
      },
    ],
    Array [
      "tuft",
      Object {
        "4": Object {
          "0": 1,
        },
        "6": Object {
          "0": 1,
        },
      },
    ],
    Array [
      "tail",
      Object {
        "4": Object {
          "0": 1,
        },
        "6": Object {
          "0": 1,
        },
      },
    ],
    Array [
      "the",
      Object {
        "4": Object {
          "0": 3,
          "1": 2,
          "2": 3,
          "3": 4,
          "4": 2,
        },
        "6": Object {
          "0": 21,
          "1": 17,
          "2": 26,
          "3": 26,
          "4": 14,
        },
      },
    ],
    Array [
      "their",
      Object {
        "6": Object {
          "2": 4,
          "3": 4,
        },
      },
    ],
    Array [
      "then",
      Object {
        "6": Object {
          "2": 1,
          "3": 1,
        },
      },
    ],
    Array [
      "throughout",
      Object {
        "6": Object {
          "0": 1,
          "2": 1,
          "3": 1,
          "4": 1,
        },
      },
    ],
    Array [
      "than",
      Object {
        "6": Object {
          "0": 2,
          "1": 1,
          "4": 2,
        },
      },
    ],
    Array [
      "that",
      Object {
        "4": Object {
          "4": 1,
        },
        "6": Object {
          "1": 1,
          "4": 1,
        },
      },
    ],
    Array [
      "tests",
      Object {
        "2": Object {
          "0": 1,
          "1": 1,
          "2": 1,
          "3": 1,
          "4": 1,
        },
      },
    ],
    Array [
      "terrestrial",
      Object {
        "6": Object {
          "1": 1,
        },
      },
    ],
    Array [
      "territorial",
      Object {
        "6": Object {
          "1": 1,
          "2": 1,
          "3": 1,
        },
      },
    ],
    Array [
      "terrain",
      Object {
        "6": Object {
          "1": 1,
        },
      },
    ],
    Array [
      "temperate",
      Object {
        "6": Object {
          "2": 1,
          "3": 1,
        },
      },
    ],
    Array [
      "teams",
      Object {
        "6": Object {
          "2": 1,
          "3": 1,
          "4": 1,
        },
      },
    ],
    Array [
      "typically",
      Object {
        "6": Object {
          "0": 1,
        },
      },
    ],
    Array [
      "types",
      Object {
        "6": Object {
          "1": 1,
        },
      },
    ],
    Array [
      "time",
      Object {
        "6": Object {
          "0": 1,
        },
      },
    ],
    Array [
      "tigers",
      Object {
        "0": Object {
          "2": 1,
        },
        "1": Object {
          "2": 1,
        },
        "2": Object {
          "2": 2,
          "3": 1,
          "4": 1,
        },
        "6": Object {
          "2": 3,
          "3": 2,
          "4": 2,
        },
      },
    ],
    Array [
      "tiger",
      Object {
        "0": Object {
          "3": 1,
          "4": 1,
        },
        "1": Object {
          "3": 1,
          "4": 1,
        },
        "2": Object {
          "3": 1,
          "4": 1,
        },
        "3": Object {
          "2": 1,
          "3": 1,
          "4": 1,
        },
        "4": Object {
          "2": 1,
          "3": 1,
          "4": 1,
        },
        "6": Object {
          "2": 9,
          "3": 10,
          "4": 9,
        },
      },
    ],
    Array [
      "tigris",
      Object {
        "4": Object {
          "2": 1,
          "3": 2,
          "4": 2,
        },
        "6": Object {
          "2": 1,
          "3": 1,
        },
      },
    ],
    Array [
      "twilight",
      Object {
        "6": Object {
          "0": 1,
        },
      },
    ],
    Array [
      "two",
      Object {
        "6": Object {
          "2": 1,
          "3": 1,
        },
      },
    ],
    Array [
      "tropical",
      Object {
        "6": Object {
          "2": 1,
          "3": 1,
        },
      },
    ],
    Array [
      "lions",
      Object {
        "0": Object {
          "0": 1,
        },
        "1": Object {
          "0": 1,
        },
        "2": Object {
          "0": 2,
        },
        "6": Object {
          "0": 6,
        },
      },
    ],
    Array [
      "lion",
      Object {
        "3": Object {
          "0": 1,
        },
        "4": Object {
          "0": 1,
        },
        "6": Object {
          "0": 8,
          "1": 1,
        },
      },
    ],
    Array [
      "listed",
      Object {
        "6": Object {
          "0": 1,
          "2": 1,
          "3": 1,
          "4": 1,
        },
      },
    ],
    Array [
      "list",
      Object {
        "6": Object {
          "0": 1,
          "2": 1,
          "3": 1,
          "4": 1,
        },
      },
    ],
    Array [
      "literature",
      Object {
        "6": Object {
          "0": 1,
          "2": 1,
          "3": 1,
          "4": 1,
        },
      },
    ],
    Array [
      "lives",
      Object {
        "6": Object {
          "1": 2,
        },
      },
    ],
    Array [
      "living",
      Object {
        "4": Object {
          "2": 1,
        },
        "6": Object {
          "2": 2,
          "3": 2,
          "4": 1,
        },
      },
    ],
    Array [
      "large",
      Object {
        "4": Object {
          "0": 1,
          "1": 1,
        },
        "6": Object {
          "0": 2,
          "1": 3,
          "2": 2,
          "3": 2,
        },
      },
    ],
    Array [
      "larger",
      Object {
        "6": Object {
          "0": 1,
        },
      },
    ],
    Array [
      "largest",
      Object {
        "4": Object {
          "2": 1,
        },
        "6": Object {
          "1": 1,
          "2": 2,
          "3": 2,
          "4": 1,
        },
      },
    ],
    Array [
      "largely",
      Object {
        "6": Object {
          "1": 1,
        },
      },
    ],
    Array [
      "late",
      Object {
        "6": Object {
          "0": 1,
        },
      },
    ],
    Array [
      "low",
      Object {
        "6": Object {
          "1": 1,
        },
      },
    ],
    Array [
      "loss",
      Object {
        "6": Object {
          "0": 1,
        },
      },
    ],
    Array [
      "lost",
      Object {
        "6": Object {
          "2": 1,
          "3": 1,
        },
      },
    ],
    Array [
      "london",
      Object {
        "6": Object {
          "4": 1,
        },
      },
    ],
    Array [
      "leo",
      Object {
        "4": Object {
          "0": 1,
        },
        "6": Object {
          "0": 1,
        },
      },
    ],
    Array [
      "leaving",
      Object {
        "6": Object {
          "2": 1,
          "3": 1,
        },
      },
    ],
    Array [
      "least",
      Object {
        "6": Object {
          "2": 1,
          "3": 1,
        },
      },
    ],
    Array [
      "lb",
      Object {
        "6": Object {
          "4": 2,
        },
      },
    ],
    Array [
      "a",
      Object {
        "4": Object {
          "0": 3,
          "1": 1,
          "2": 1,
          "3": 1,
          "4": 1,
        },
        "6": Object {
          "0": 8,
          "1": 2,
          "2": 5,
          "3": 5,
          "4": 1,
        },
      },
    ],
    Array [
      "at",
      Object {
        "4": Object {
          "0": 1,
        },
        "6": Object {
          "0": 3,
          "1": 1,
          "2": 1,
          "3": 1,
        },
      },
    ],
    Array [
      "attacks",
      Object {
        "6": Object {
          "1": 1,
        },
      },
    ],
    Array [
      "and",
      Object {
        "4": Object {
          "0": 2,
          "2": 1,
        },
        "6": Object {
          "0": 19,
          "1": 10,
          "2": 22,
          "3": 22,
          "4": 12,
        },
      },
    ],
    Array [
      "andes",
      Object {
        "6": Object {
          "1": 1,
        },
      },
    ],
    Array [
      "an",
      Object {
        "6": Object {
          "0": 1,
          "1": 2,
          "2": 1,
          "3": 1,
        },
      },
    ],
    Array [
      "animal",
      Object {
        "6": Object {
          "0": 1,
          "2": 1,
          "3": 1,
          "4": 1,
        },
      },
    ],
    Array [
      "ancient",
      Object {
        "6": Object {
          "0": 2,
          "2": 1,
          "3": 1,
          "4": 1,
        },
      },
    ],
    Array [
      "any",
      Object {
        "6": Object {
          "1": 2,
        },
      },
    ],
    Array [
      "anatolia",
      Object {
        "6": Object {
          "2": 1,
          "3": 1,
        },
      },
    ],
    Array [
      "adult",
      Object {
        "6": Object {
          "0": 2,
        },
      },
    ],
    Array [
      "adapts",
      Object {
        "6": Object {
          "0": 1,
        },
      },
    ],
    Array [
      "adaptable",
      Object {
        "6": Object {
          "1": 1,
        },
      },
    ],
    Array [
      "asia",
      Object {
        "4": Object {
          "4": 1,
        },
        "6": Object {
          "0": 1,
          "2": 2,
          "3": 2,
        },
      },
    ],
    Array [
      "as",
      Object {
        "6": Object {
          "0": 1,
          "1": 2,
          "2": 4,
          "3": 4,
          "4": 3,
        },
      },
    ],
    Array [
      "actively",
      Object {
        "6": Object {
          "0": 1,
        },
      },
    ],
    Array [
      "active",
      Object {
        "6": Object {
          "0": 1,
        },
      },
    ],
    Array [
      "across",
      Object {
        "6": Object {
          "0": 1,
        },
      },
    ],
    Array [
      "although",
      Object {
        "6": Object {
          "0": 2,
          "1": 1,
        },
      },
    ],
    Array [
      "all",
      Object {
        "6": Object {
          "0": 1,
        },
      },
    ],
    Array [
      "also",
      Object {
        "6": Object {
          "1": 2,
          "2": 1,
          "3": 1,
          "4": 1,
        },
      },
    ],
    Array [
      "always",
      Object {
        "6": Object {
          "1": 1,
        },
      },
    ],
    Array [
      "alive",
      Object {
        "4": Object {
          "3": 1,
        },
      },
    ],
    Array [
      "africa",
      Object {
        "4": Object {
          "0": 1,
        },
        "6": Object {
          "0": 3,
        },
      },
    ],
    Array [
      "african",
      Object {
        "6": Object {
          "0": 1,
        },
      },
    ],
    Array [
      "after",
      Object {
        "6": Object {
          "1": 1,
        },
      },
    ],
    Array [
      "americas",
      Object {
        "4": Object {
          "1": 1,
        },
        "6": Object {
          "1": 1,
        },
      },
    ],
    Array [
      "america",
      Object {
        "6": Object {
          "1": 2,
        },
      },
    ],
    Array [
      "american",
      Object {
        "6": Object {
          "1": 2,
        },
      },
    ],
    Array [
      "ambush",
      Object {
        "6": Object {
          "1": 1,
        },
      },
    ],
    Array [
      "amur",
      Object {
        "6": Object {
          "2": 1,
          "3": 1,
        },
      },
    ],
    Array [
      "among",
      Object {
        "4": Object {
          "3": 1,
        },
        "6": Object {
          "2": 1,
          "3": 1,
          "4": 1,
        },
      },
    ],
    Array [
      "about",
      Object {
        "0": Object {
          "0": 1,
          "2": 1,
        },
        "1": Object {
          "0": 1,
          "2": 1,
        },
        "2": Object {
          "0": 1,
          "2": 1,
        },
        "6": Object {
          "0": 2,
          "2": 2,
          "3": 1,
        },
      },
    ],
    Array [
      "abundance",
      Object {
        "6": Object {
          "1": 1,
        },
      },
    ],
    Array [
      "avoids",
      Object {
        "6": Object {
          "1": 1,
        },
      },
    ],
    Array [
      "apex",
      Object {
        "6": Object {
          "0": 1,
          "1": 1,
          "2": 1,
          "3": 1,
        },
      },
    ],
    Array [
      "appearing",
      Object {
        "6": Object {
          "2": 1,
          "3": 1,
          "4": 1,
        },
      },
    ],
    Array [
      "are",
      Object {
        "6": Object {
          "0": 3,
          "1": 2,
          "2": 2,
          "3": 2,
          "4": 2,
        },
      },
    ],
    Array [
      "areas",
      Object {
        "6": Object {
          "0": 1,
          "1": 2,
          "2": 2,
          "3": 2,
        },
      },
    ],
    Array [
      "arms",
      Object {
        "6": Object {
          "2": 1,
          "3": 1,
          "4": 1,
        },
      },
    ],
    Array [
      "is",
      Object {
        "4": Object {
          "0": 1,
          "1": 1,
          "2": 1,
          "3": 2,
          "4": 2,
        },
        "6": Object {
          "0": 6,
          "1": 10,
          "2": 7,
          "3": 7,
          "4": 6,
        },
      },
    ],
    Array [
      "islands",
      Object {
        "6": Object {
          "2": 2,
          "3": 2,
        },
      },
    ],
    Array [
      "island",
      Object {
        "6": Object {
          "2": 1,
          "3": 1,
        },
      },
    ],
    Array [
      "isolated",
      Object {
        "6": Object {
          "2": 1,
          "3": 1,
          "4": 1,
        },
      },
    ],
    Array [
      "it",
      Object {
        "4": Object {
          "0": 1,
          "3": 2,
        },
        "6": Object {
          "0": 7,
          "1": 7,
          "2": 5,
          "3": 5,
          "4": 2,
        },
      },
    ],
    Array [
      "its",
      Object {
        "4": Object {
          "0": 1,
        },
        "6": Object {
          "0": 1,
          "1": 4,
          "2": 4,
          "3": 4,
          "4": 2,
        },
      },
    ],
    Array [
      "inhabits",
      Object {
        "6": Object {
          "0": 1,
        },
      },
    ],
    Array [
      "in",
      Object {
        "6": Object {
          "0": 11,
          "1": 7,
          "2": 11,
          "3": 11,
          "4": 12,
        },
      },
    ],
    Array [
      "including",
      Object {
        "6": Object {
          "1": 2,
        },
      },
    ],
    Array [
      "increased",
      Object {
        "6": Object {
          "1": 1,
        },
      },
    ],
    Array [
      "india",
      Object {
        "4": Object {
          "0": 1,
        },
        "6": Object {
          "0": 3,
          "2": 2,
          "3": 2,
          "4": 2,
        },
      },
    ],
    Array [
      "indian",
      Object {
        "6": Object {
          "2": 1,
          "3": 1,
        },
      },
    ],
    Array [
      "individual",
      Object {
        "6": Object {
          "1": 1,
        },
      },
    ],
    Array [
      "individuals",
      Object {
        "6": Object {
          "2": 1,
          "3": 1,
          "4": 1,
        },
      },
    ],
    Array [
      "independent",
      Object {
        "6": Object {
          "2": 1,
          "3": 1,
        },
      },
    ],
    Array [
      "indonesian",
      Object {
        "6": Object {
          "2": 1,
          "3": 1,
        },
      },
    ],
    Array [
      "indochina",
      Object {
        "6": Object {
          "2": 1,
          "3": 1,
        },
      },
    ],
    Array [
      "indochinese",
      Object {
        "0": Object {
          "4": 1,
        },
        "1": Object {
          "4": 1,
        },
        "2": Object {
          "4": 1,
        },
        "4": Object {
          "4": 1,
        },
        "6": Object {
          "4": 3,
        },
      },
    ],
    Array [
      "iucn",
      Object {
        "6": Object {
          "0": 1,
          "2": 1,
          "3": 1,
          "4": 1,
        },
      },
    ],
    Array [
      "md",
      Object {
        "2": Object {
          "0": 1,
          "1": 1,
          "2": 1,
          "3": 1,
          "4": 1,
        },
      },
    ],
    Array [
      "mammal",
      Object {
        "6": Object {
          "1": 1,
        },
      },
    ],
    Array [
      "mane",
      Object {
        "6": Object {
          "0": 1,
        },
      },
    ],
    Array [
      "many",
      Object {
        "6": Object {
          "1": 1,
          "2": 1,
          "3": 1,
          "4": 1,
        },
      },
    ],
    Array [
      "mature",
      Object {
        "6": Object {
          "2": 1,
          "3": 1,
          "4": 1,
        },
      },
    ],
    Array [
      "major",
      Object {
        "6": Object {
          "2": 1,
          "3": 1,
          "4": 1,
        },
      },
    ],
    Array [
      "mascots",
      Object {
        "6": Object {
          "2": 1,
          "3": 1,
          "4": 1,
        },
      },
    ],
    Array [
      "male",
      Object {
        "6": Object {
          "0": 1,
        },
      },
    ],
    Array [
      "males",
      Object {
        "6": Object {
          "0": 1,
          "4": 1,
        },
      },
    ],
    Array [
      "malaysia",
      Object {
        "6": Object {
          "2": 1,
          "3": 1,
          "4": 1,
        },
      },
    ],
    Array [
      "more",
      Object {
        "6": Object {
          "0": 1,
          "1": 2,
          "4": 1,
        },
      },
    ],
    Array [
      "mostly",
      Object {
        "6": Object {
          "0": 1,
          "1": 1,
        },
      },
    ],
    Array [
      "most",
      Object {
        "6": Object {
          "0": 1,
          "1": 2,
          "2": 3,
          "3": 3,
          "4": 2,
        },
      },
    ],
    Array [
      "mountain",
      Object {
        "6": Object {
          "1": 1,
        },
      },
    ],
    Array [
      "mother",
      Object {
        "6": Object {
          "2": 2,
          "3": 2,
        },
      },
    ],
    Array [
      "modern",
      Object {
        "6": Object {
          "2": 1,
          "3": 1,
          "4": 1,
        },
      },
    ],
    Array [
      "menageries",
      Object {
        "6": Object {
          "0": 1,
        },
      },
    ],
    Array [
      "medieval",
      Object {
        "6": Object {
          "0": 1,
        },
      },
    ],
    Array [
      "member",
      Object {
        "4": Object {
          "2": 1,
        },
        "6": Object {
          "2": 1,
          "3": 1,
        },
      },
    ],
    Array [
      "megafauna",
      Object {
        "4": Object {
          "3": 1,
        },
        "6": Object {
          "2": 1,
          "3": 1,
          "4": 1,
        },
      },
    ],
    Array [
      "mythology",
      Object {
        "6": Object {
          "2": 1,
          "3": 1,
          "4": 1,
        },
      },
    ],
    Array [
      "muscular",
      Object {
        "4": Object {
          "0": 1,
        },
        "6": Object {
          "0": 1,
        },
      },
    ],
    Array [
      "museum",
      Object {
        "6": Object {
          "4": 1,
        },
      },
    ],
    Array [
      "cats",
      Object {
        "2": Object {
          "0": 1,
          "1": 1,
          "2": 1,
          "3": 1,
          "4": 1,
        },
        "4": Object {
          "3": 1,
        },
        "6": Object {
          "0": 1,
        },
      },
    ],
    Array [
      "cat",
      Object {
        "3": Object {
          "0": 1,
          "1": 1,
          "2": 1,
          "3": 1,
          "4": 1,
        },
        "4": Object {
          "0": 1,
          "1": 1,
          "2": 1,
        },
        "6": Object {
          "0": 1,
          "1": 3,
          "2": 1,
          "3": 1,
        },
      },
    ],
    Array [
      "catamount",
      Object {
        "6": Object {
          "1": 1,
        },
      },
    ],
    Array [
      "catus",
      Object {
        "6": Object {
          "1": 1,
        },
      },
    ],
    Array [
      "called",
      Object {
        "6": Object {
          "0": 1,
        },
      },
    ],
    Array [
      "caucasus",
      Object {
        "6": Object {
          "0": 1,
        },
      },
    ],
    Array [
      "cause",
      Object {
        "6": Object {
          "0": 1,
        },
      },
    ],
    Array [
      "causes",
      Object {
        "6": Object {
          "0": 1,
        },
      },
    ],
    Array [
      "canadian",
      Object {
        "6": Object {
          "1": 1,
        },
      },
    ],
    Array [
      "concern",
      Object {
        "6": Object {
          "0": 1,
        },
      },
    ],
    Array [
      "concolor",
      Object {
        "4": Object {
          "1": 1,
        },
        "6": Object {
          "1": 1,
        },
      },
    ],
    Array [
      "consists",
      Object {
        "6": Object {
          "0": 1,
        },
      },
    ],
    Array [
      "considered",
      Object {
        "4": Object {
          "3": 1,
        },
        "6": Object {
          "1": 1,
        },
      },
    ],
    Array [
      "contemporary",
      Object {
        "6": Object {
          "0": 1,
        },
      },
    ],
    Array [
      "contiguous",
      Object {
        "6": Object {
          "2": 1,
          "3": 1,
        },
      },
    ],
    Array [
      "continues",
      Object {
        "6": Object {
          "2": 1,
          "3": 1,
          "4": 1,
        },
      },
    ],
    Array [
      "conflicts",
      Object {
        "6": Object {
          "0": 1,
        },
      },
    ],
    Array [
      "conflict",
      Object {
        "6": Object {
          "2": 1,
          "3": 1,
          "4": 1,
        },
      },
    ],
    Array [
      "countries",
      Object {
        "6": Object {
          "0": 1,
          "2": 1,
          "3": 1,
          "4": 1,
        },
      },
    ],
    Array [
      "cougar",
      Object {
        "0": Object {
          "1": 1,
        },
        "1": Object {
          "1": 1,
        },
        "2": Object {
          "1": 1,
        },
        "4": Object {
          "1": 1,
        },
        "6": Object {
          "1": 8,
        },
      },
    ],
    Array [
      "coats",
      Object {
        "6": Object {
          "2": 1,
          "3": 1,
          "4": 1,
        },
      },
    ],
    Array [
      "colouration",
      Object {
        "6": Object {
          "4": 1,
        },
      },
    ],
    Array [
      "collection",
      Object {
        "6": Object {
          "4": 1,
        },
      },
    ],
    Array [
      "cubs",
      Object {
        "6": Object {
          "0": 1,
          "2": 1,
          "3": 1,
        },
      },
    ],
    Array [
      "culture",
      Object {
        "6": Object {
          "0": 1,
        },
      },
    ],
    Array [
      "cultures",
      Object {
        "6": Object {
          "0": 1,
          "2": 1,
          "3": 1,
          "4": 1,
        },
      },
    ],
    Array [
      "cultural",
      Object {
        "6": Object {
          "0": 1,
        },
      },
    ],
    Array [
      "current",
      Object {
        "6": Object {
          "0": 1,
        },
      },
    ],
    Array [
      "currently",
      Object {
        "6": Object {
          "2": 1,
          "3": 1,
          "4": 1,
        },
      },
    ],
    Array [
      "crepuscular",
      Object {
        "6": Object {
          "1": 1,
        },
      },
    ],
    Array [
      "closely",
      Object {
        "6": Object {
          "1": 1,
        },
      },
    ],
    Array [
      "century",
      Object {
        "6": Object {
          "0": 1,
          "2": 1,
          "3": 1,
        },
      },
    ],
    Array [
      "central",
      Object {
        "6": Object {
          "2": 1,
          "3": 1,
        },
      },
    ],
    Array [
      "chested",
      Object {
        "4": Object {
          "0": 1,
        },
        "6": Object {
          "0": 1,
        },
      },
    ],
    Array [
      "china",
      Object {
        "6": Object {
          "2": 1,
          "3": 1,
        },
      },
    ],
    Array [
      "charismatic",
      Object {
        "4": Object {
          "3": 1,
        },
        "6": Object {
          "2": 1,
          "3": 1,
          "4": 1,
        },
      },
    ],
    Array [
      "cm",
      Object {
        "6": Object {
          "4": 2,
        },
      },
    ],
    Array [
      "broad",
      Object {
        "4": Object {
          "0": 1,
        },
        "6": Object {
          "0": 1,
        },
      },
    ],
    Array [
      "been",
      Object {
        "6": Object {
          "0": 6,
          "2": 1,
          "3": 1,
        },
      },
    ],
    Array [
      "being",
      Object {
        "6": Object {
          "0": 1,
        },
      },
    ],
    Array [
      "bears",
      Object {
        "6": Object {
          "1": 2,
        },
      },
    ],
    Array [
      "because",
      Object {
        "6": Object {
          "0": 1,
        },
      },
    ],
    Array [
      "become",
      Object {
        "6": Object {
          "2": 1,
          "3": 1,
        },
      },
    ],
    Array [
      "between",
      Object {
        "6": Object {
          "2": 1,
          "3": 1,
          "4": 1,
        },
      },
    ],
    Array [
      "be",
      Object {
        "6": Object {
          "2": 1,
          "3": 1,
          "4": 1,
        },
      },
    ],
    Array [
      "bengal",
      Object {
        "0": Object {
          "3": 1,
        },
        "1": Object {
          "3": 1,
        },
        "2": Object {
          "3": 1,
        },
        "4": Object {
          "3": 1,
        },
        "6": Object {
          "3": 1,
          "4": 2,
        },
      },
    ],
    Array [
      "belong",
      Object {
        "4": Object {
          "3": 1,
        },
      },
    ],
    Array [
      "by",
      Object {
        "6": Object {
          "0": 1,
          "1": 1,
        },
      },
    ],
    Array [
      "body",
      Object {
        "4": Object {
          "0": 1,
        },
        "6": Object {
          "0": 1,
          "4": 1,
        },
      },
    ],
    Array [
      "both",
      Object {
        "6": Object {
          "1": 1,
        },
      },
    ],
    Array [
      "boar",
      Object {
        "6": Object {
          "2": 1,
          "3": 1,
        },
      },
    ],
    Array [
      "black",
      Object {
        "6": Object {
          "1": 1,
        },
      },
    ],
    Array [
      "but",
      Object {
        "6": Object {
          "0": 2,
          "1": 3,
          "2": 1,
          "3": 1,
        },
      },
    ],
    Array [
      "built",
      Object {
        "6": Object {
          "1": 1,
        },
      },
    ],
    Array [
      "basin",
      Object {
        "6": Object {
          "2": 1,
          "3": 1,
        },
      },
    ],
    Array [
      "bali",
      Object {
        "6": Object {
          "2": 2,
          "3": 2,
        },
      },
    ],
    Array [
      "bangladesh",
      Object {
        "6": Object {
          "2": 1,
          "3": 1,
          "4": 1,
        },
      },
    ],
    Array [
      "biggest",
      Object {
        "4": Object {
          "3": 1,
        },
      },
    ],
    Array [
      "has",
      Object {
        "4": Object {
          "0": 1,
        },
        "6": Object {
          "0": 4,
          "1": 2,
        },
      },
    ],
    Array [
      "hairy",
      Object {
        "4": Object {
          "0": 1,
        },
        "6": Object {
          "0": 1,
        },
      },
    ],
    Array [
      "have",
      Object {
        "6": Object {
          "0": 6,
          "2": 2,
          "3": 2,
          "4": 1,
        },
      },
    ],
    Array [
      "habitat",
      Object {
        "6": Object {
          "0": 1,
          "1": 2,
          "2": 3,
          "3": 3,
          "4": 2,
        },
      },
    ],
    Array [
      "habitats",
      Object {
        "6": Object {
          "1": 1,
        },
      },
    ],
    Array [
      "hunt",
      Object {
        "6": Object {
          "0": 2,
        },
      },
    ],
    Array [
      "hunts",
      Object {
        "6": Object {
          "1": 1,
        },
      },
    ],
    Array [
      "humans",
      Object {
        "6": Object {
          "0": 3,
          "1": 1,
        },
      },
    ],
    Array [
      "human",
      Object {
        "6": Object {
          "0": 1,
          "2": 2,
          "3": 2,
          "4": 2,
        },
      },
    ],
    Array [
      "head",
      Object {
        "4": Object {
          "0": 1,
        },
        "6": Object {
          "0": 1,
        },
      },
    ],
    Array [
      "hemisphere",
      Object {
        "6": Object {
          "1": 1,
        },
      },
    ],
    Array [
      "himalayas",
      Object {
        "6": Object {
          "2": 1,
          "3": 1,
        },
      },
    ],
    Array [
      "high",
      Object {
        "6": Object {
          "2": 1,
          "3": 1,
          "4": 1,
        },
      },
    ],
    Array [
      "historic",
      Object {
        "6": Object {
          "0": 1,
          "2": 2,
          "3": 2,
          "4": 1,
        },
      },
    ],
    Array [
      "history",
      Object {
        "6": Object {
          "4": 1,
        },
      },
    ],
    Array [
      "home",
      Object {
        "6": Object {
          "1": 1,
          "2": 1,
          "3": 1,
        },
      },
    ],
    Array [
      "hosts",
      Object {
        "6": Object {
          "2": 1,
          "3": 1,
          "4": 1,
        },
      },
    ],
    Array [
      "europe",
      Object {
        "6": Object {
          "0": 1,
        },
      },
    ],
    Array [
      "empire",
      Object {
        "6": Object {
          "0": 1,
        },
      },
    ],
    Array [
      "exhibition",
      Object {
        "6": Object {
          "0": 1,
        },
      },
    ],
    Array [
      "extensively",
      Object {
        "6": Object {
          "0": 1,
        },
      },
    ],
    Array [
      "extirpated",
      Object {
        "6": Object {
          "2": 1,
          "3": 1,
        },
      },
    ],
    Array [
      "egypt",
      Object {
        "6": Object {
          "0": 1,
        },
      },
    ],
    Array [
      "end",
      Object {
        "4": Object {
          "0": 1,
        },
        "6": Object {
          "0": 1,
        },
      },
    ],
    Array [
      "endangered",
      Object {
        "6": Object {
          "2": 1,
          "3": 1,
          "4": 1,
        },
      },
    ],
    Array [
      "entered",
      Object {
        "6": Object {
          "1": 1,
        },
      },
    ],
    Array [
      "encroachment",
      Object {
        "6": Object {
          "2": 1,
          "3": 1,
          "4": 1,
        },
      },
    ],
    Array [
      "ears",
      Object {
        "4": Object {
          "0": 1,
        },
        "6": Object {
          "0": 1,
        },
      },
    ],
    Array [
      "early",
      Object {
        "6": Object {
          "0": 1,
          "2": 1,
          "3": 1,
        },
      },
    ],
    Array [
      "eastern",
      Object {
        "6": Object {
          "2": 1,
          "3": 1,
        },
      },
    ],
    Array [
      "east",
      Object {
        "6": Object {
          "2": 1,
          "3": 1,
        },
      },
    ],
    Array [
      "establish",
      Object {
        "6": Object {
          "2": 1,
          "3": 1,
        },
      },
    ],
    Array [
      "estimated",
      Object {
        "6": Object {
          "2": 1,
          "3": 1,
          "4": 1,
        },
      },
    ],
    Array [
      "eleven",
      Object {
        "6": Object {
          "4": 1,
        },
      },
    ],
    Array [
      "39",
      Object {
        "5": Object {
          "0": 1,
          "1": 1,
          "2": 1,
          "3": 1,
          "4": 1,
        },
      },
    ],
    Array [
      "354z",
      Object {
        "5": Object {
          "0": 1,
          "1": 1,
        },
      },
    ],
    Array [
      "355z",
      Object {
        "5": Object {
          "2": 1,
          "3": 1,
          "4": 1,
        },
      },
    ],
    Array [
      "3",
      Object {
        "6": Object {
          "2": 2,
          "3": 2,
          "4": 2,
        },
      },
    ],
    Array [
      "31",
      Object {
        "6": Object {
          "4": 1,
        },
      },
    ],
    Array [
      "331",
      Object {
        "6": Object {
          "4": 1,
        },
      },
    ],
    Array [
      "s",
      Object {
        "4": Object {
          "3": 1,
        },
        "6": Object {
          "0": 2,
          "2": 2,
          "3": 2,
          "4": 2,
        },
      },
    ],
    Array [
      "social",
      Object {
        "6": Object {
          "0": 1,
          "2": 1,
          "3": 1,
        },
      },
    ],
    Array [
      "some",
      Object {
        "6": Object {
          "0": 1,
        },
      },
    ],
    Array [
      "sought",
      Object {
        "6": Object {
          "0": 1,
        },
      },
    ],
    Array [
      "southeast",
      Object {
        "4": Object {
          "4": 1,
        },
        "6": Object {
          "0": 1,
          "2": 1,
          "3": 1,
        },
      },
    ],
    Array [
      "southern",
      Object {
        "6": Object {
          "1": 1,
        },
      },
    ],
    Array [
      "south",
      Object {
        "6": Object {
          "1": 1,
          "2": 3,
          "3": 3,
          "4": 1,
        },
      },
    ],
    Array [
      "sources",
      Object {
        "6": Object {
          "1": 1,
        },
      },
    ],
    Array [
      "solitary",
      Object {
        "6": Object {
          "1": 1,
          "2": 1,
          "3": 1,
        },
      },
    ],
    Array [
      "sexually",
      Object {
        "6": Object {
          "0": 1,
        },
      },
    ],
    Array [
      "seek",
      Object {
        "6": Object {
          "0": 1,
        },
      },
    ],
    Array [
      "second",
      Object {
        "6": Object {
          "1": 1,
        },
      },
    ],
    Array [
      "secretive",
      Object {
        "6": Object {
          "1": 1,
        },
      },
    ],
    Array [
      "short",
      Object {
        "4": Object {
          "0": 1,
        },
        "6": Object {
          "0": 1,
          "4": 1,
        },
      },
    ],
    Array [
      "shrublands",
      Object {
        "6": Object {
          "0": 1,
        },
      },
    ],
    Array [
      "savannas",
      Object {
        "6": Object {
          "0": 1,
        },
      },
    ],
    Array [
      "saharan",
      Object {
        "6": Object {
          "0": 1,
        },
      },
    ],
    Array [
      "symbols",
      Object {
        "6": Object {
          "0": 1,
        },
      },
    ],
    Array [
      "scavenge",
      Object {
        "6": Object {
          "0": 1,
        },
      },
    ],
    Array [
      "sculptures",
      Object {
        "6": Object {
          "0": 1,
        },
      },
    ],
    Array [
      "scientifically",
      Object {
        "6": Object {
          "2": 1,
          "3": 1,
        },
      },
    ],
    Array [
      "species",
      Object {
        "4": Object {
          "2": 1,
        },
        "6": Object {
          "0": 3,
          "1": 2,
          "2": 1,
          "3": 1,
        },
      },
    ],
    Array [
      "spans",
      Object {
        "6": Object {
          "1": 1,
        },
      },
    ],
    Array [
      "spots",
      Object {
        "6": Object {
          "2": 1,
          "3": 1,
        },
      },
    ],
    Array [
      "sporting",
      Object {
        "6": Object {
          "2": 1,
          "3": 1,
          "4": 1,
        },
      },
    ],
    Array [
      "sightings",
      Object {
        "6": Object {
          "1": 1,
        },
      },
    ],
    Array [
      "size",
      Object {
        "6": Object {
          "1": 1,
          "4": 3,
        },
      },
    ],
    Array [
      "siberian",
      Object {
        "6": Object {
          "2": 1,
          "3": 1,
          "4": 1,
        },
      },
    ],
    Array [
      "since",
      Object {
        "6": Object {
          "0": 4,
          "2": 1,
          "3": 1,
        },
      },
    ],
    Array [
      "single",
      Object {
        "6": Object {
          "2": 1,
          "3": 1,
          "4": 1,
        },
      },
    ],
    Array [
      "sub",
      Object {
        "6": Object {
          "0": 1,
        },
      },
    ],
    Array [
      "subfamily",
      Object {
        "6": Object {
          "1": 1,
        },
      },
    ],
    Array [
      "subtropical",
      Object {
        "6": Object {
          "2": 1,
          "3": 1,
        },
      },
    ],
    Array [
      "subcontinent",
      Object {
        "6": Object {
          "2": 1,
          "3": 1,
        },
      },
    ],
    Array [
      "subspecies",
      Object {
        "4": Object {
          "3": 1,
          "4": 1,
        },
      },
    ],
    Array [
      "such",
      Object {
        "6": Object {
          "1": 1,
          "2": 1,
          "3": 1,
        },
      },
    ],
    Array [
      "support",
      Object {
        "6": Object {
          "2": 1,
          "3": 1,
        },
      },
    ],
    Array [
      "sunda",
      Object {
        "6": Object {
          "2": 1,
          "3": 1,
        },
      },
    ],
    Array [
      "sumatra",
      Object {
        "6": Object {
          "2": 1,
          "3": 1,
        },
      },
    ],
    Array [
      "stalking",
      Object {
        "6": Object {
          "1": 1,
        },
      },
    ],
    Array [
      "stay",
      Object {
        "6": Object {
          "2": 1,
          "3": 1,
        },
      },
    ],
    Array [
      "still",
      Object {
        "6": Object {
          "2": 1,
          "3": 1,
        },
      },
    ],
    Array [
      "stripes",
      Object {
        "6": Object {
          "2": 1,
          "3": 1,
          "4": 2,
        },
      },
    ],
    Array [
      "stretching",
      Object {
        "6": Object {
          "2": 1,
          "3": 1,
        },
      },
    ],
    Array [
      "smaller",
      Object {
        "6": Object {
          "1": 2,
          "4": 2,
        },
      },
    ],
    Array [
      "small",
      Object {
        "6": Object {
          "2": 1,
          "3": 1,
          "4": 1,
        },
      },
    ],
    Array [
      "skull",
      Object {
        "6": Object {
          "4": 1,
        },
      },
    ],
    Array [
      "skins",
      Object {
        "6": Object {
          "4": 1,
        },
      },
    ],
    Array [
      "predator",
      Object {
        "6": Object {
          "0": 1,
          "1": 2,
          "2": 2,
          "3": 2,
        },
      },
    ],
    Array [
      "preying",
      Object {
        "6": Object {
          "0": 1,
        },
      },
    ],
    Array [
      "prey",
      Object {
        "6": Object {
          "0": 1,
          "1": 4,
          "2": 1,
          "3": 1,
        },
      },
    ],
    Array [
      "preys",
      Object {
        "6": Object {
          "2": 1,
          "3": 1,
        },
      },
    ],
    Array [
      "prefers",
      Object {
        "6": Object {
          "1": 1,
        },
      },
    ],
    Array [
      "prominent",
      Object {
        "6": Object {
          "0": 2,
        },
      },
    ],
    Array [
      "prominently",
      Object {
        "6": Object {
          "2": 1,
          "3": 1,
          "4": 1,
        },
      },
    ],
    Array [
      "protected",
      Object {
        "6": Object {
          "0": 1,
        },
      },
    ],
    Array [
      "properly",
      Object {
        "6": Object {
          "1": 1,
        },
      },
    ],
    Array [
      "prides",
      Object {
        "6": Object {
          "0": 1,
        },
      },
    ],
    Array [
      "pride",
      Object {
        "6": Object {
          "0": 1,
        },
      },
    ],
    Array [
      "primary",
      Object {
        "6": Object {
          "1": 1,
        },
      },
    ],
    Array [
      "primarily",
      Object {
        "6": Object {
          "2": 1,
          "3": 1,
        },
      },
    ],
    Array [
      "paintings",
      Object {
        "6": Object {
          "0": 1,
        },
      },
    ],
    Array [
      "panthera",
      Object {
        "4": Object {
          "0": 2,
          "2": 2,
          "3": 1,
          "4": 1,
        },
        "6": Object {
          "0": 2,
          "1": 1,
          "2": 2,
          "3": 2,
        },
      },
    ],
    Array [
      "panther",
      Object {
        "6": Object {
          "1": 1,
        },
      },
    ],
    Array [
      "pantherinae",
      Object {
        "6": Object {
          "1": 1,
        },
      },
    ],
    Array [
      "parts",
      Object {
        "6": Object {
          "0": 1,
        },
      },
    ],
    Array [
      "particularly",
      Object {
        "6": Object {
          "1": 1,
        },
      },
    ],
    Array [
      "packs",
      Object {
        "6": Object {
          "1": 1,
        },
      },
    ],
    Array [
      "pumas",
      Object {
        "2": Object {
          "1": 1,
        },
      },
    ],
    Array [
      "puma",
      Object {
        "3": Object {
          "1": 1,
        },
        "4": Object {
          "1": 1,
        },
        "6": Object {
          "1": 2,
        },
      },
    ],
    Array [
      "pursues",
      Object {
        "6": Object {
          "1": 1,
        },
      },
    ],
    Array [
      "persecuted",
      Object {
        "6": Object {
          "0": 1,
        },
      },
    ],
    Array [
      "period",
      Object {
        "6": Object {
          "0": 1,
        },
      },
    ],
    Array [
      "people",
      Object {
        "6": Object {
          "1": 2,
        },
      },
    ],
    Array [
      "pockets",
      Object {
        "6": Object {
          "2": 1,
          "3": 1,
          "4": 1,
        },
      },
    ],
    Array [
      "poaching",
      Object {
        "6": Object {
          "2": 1,
          "3": 1,
          "4": 1,
        },
      },
    ],
    Array [
      "populations",
      Object {
        "6": Object {
          "0": 3,
          "2": 2,
          "3": 2,
          "4": 1,
        },
      },
    ],
    Array [
      "population",
      Object {
        "4": Object {
          "3": 1,
          "4": 1,
        },
        "6": Object {
          "0": 1,
          "1": 1,
          "2": 4,
          "3": 4,
          "4": 4,
        },
      },
    ],
    Array [
      "popular",
      Object {
        "6": Object {
          "2": 1,
          "3": 1,
          "4": 1,
        },
      },
    ],
    Array [
      "few",
      Object {
        "6": Object {
          "0": 1,
        },
      },
    ],
    Array [
      "females",
      Object {
        "6": Object {
          "0": 2,
          "4": 1,
        },
      },
    ],
    Array [
      "female",
      Object {
        "6": Object {
          "0": 1,
        },
      },
    ],
    Array [
      "felines",
      Object {
        "6": Object {
          "1": 1,
        },
      },
    ],
    Array [
      "felis",
      Object {
        "6": Object {
          "1": 1,
        },
      },
    ],
    Array [
      "featured",
      Object {
        "6": Object {
          "2": 1,
          "3": 1,
          "4": 1,
        },
      },
    ],
    Array [
      "flags",
      Object {
        "6": Object {
          "0": 1,
          "2": 1,
          "3": 1,
          "4": 1,
        },
      },
    ],
    Array [
      "from",
      Object {
        "6": Object {
          "1": 1,
          "2": 4,
          "3": 4,
          "4": 4,
        },
      },
    ],
    Array [
      "free",
      Object {
        "6": Object {
          "2": 1,
          "3": 1,
        },
      },
    ],
    Array [
      "fragmented",
      Object {
        "6": Object {
          "0": 1,
          "2": 1,
          "3": 1,
        },
      },
    ],
    Array [
      "fragmentation",
      Object {
        "6": Object {
          "2": 1,
          "3": 1,
          "4": 1,
        },
      },
    ],
    Array [
      "forming",
      Object {
        "6": Object {
          "0": 1,
        },
      },
    ],
    Array [
      "for",
      Object {
        "6": Object {
          "0": 2,
          "1": 1,
          "2": 5,
          "3": 5,
          "4": 2,
        },
      },
    ],
    Array [
      "forests",
      Object {
        "6": Object {
          "2": 2,
          "3": 2,
        },
      },
    ],
    Array [
      "food",
      Object {
        "6": Object {
          "1": 1,
        },
      },
    ],
    Array [
      "foothills",
      Object {
        "6": Object {
          "2": 1,
          "3": 1,
        },
      },
    ],
    Array [
      "folklore",
      Object {
        "6": Object {
          "2": 1,
          "3": 1,
          "4": 1,
        },
      },
    ],
    Array [
      "fatal",
      Object {
        "6": Object {
          "1": 1,
        },
      },
    ],
    Array [
      "farms",
      Object {
        "6": Object {
          "1": 1,
        },
      },
    ],
    Array [
      "fully",
      Object {
        "6": Object {
          "0": 1,
        },
      },
    ],
    Array [
      "fur",
      Object {
        "6": Object {
          "2": 1,
          "3": 1,
        },
      },
    ],
    Array [
      "films",
      Object {
        "6": Object {
          "0": 1,
          "2": 1,
          "3": 1,
          "4": 1,
        },
      },
    ],
    Array [
      "first",
      Object {
        "6": Object {
          "2": 1,
          "3": 1,
        },
      },
    ],
    Array [
      "grasslands",
      Object {
        "6": Object {
          "0": 1,
        },
      },
    ],
    Array [
      "greatest",
      Object {
        "6": Object {
          "0": 1,
        },
      },
    ],
    Array [
      "grizzly",
      Object {
        "6": Object {
          "1": 1,
        },
      },
    ],
    Array [
      "groups",
      Object {
        "6": Object {
          "0": 2,
        },
      },
    ],
    Array [
      "ground",
      Object {
        "6": Object {
          "4": 1,
        },
      },
    ],
    Array [
      "gardens",
      Object {
        "6": Object {
          "0": 1,
        },
      },
    ],
    Array [
      "genus",
      Object {
        "4": Object {
          "0": 1,
          "2": 1,
        },
        "6": Object {
          "0": 1,
          "2": 1,
          "3": 1,
        },
      },
    ],
    Array [
      "generalist",
      Object {
        "6": Object {
          "1": 1,
        },
      },
    ],
    Array [
      "generally",
      Object {
        "6": Object {
          "2": 1,
          "3": 1,
        },
      },
    ],
    Array [
      "global",
      Object {
        "6": Object {
          "2": 1,
          "3": 1,
          "4": 1,
        },
      },
    ],
    Array [
      "related",
      Object {
        "6": Object {
          "0": 1,
          "1": 1,
        },
      },
    ],
    Array [
      "reduced",
      Object {
        "6": Object {
          "0": 1,
        },
      },
    ],
    Array [
      "red",
      Object {
        "6": Object {
          "0": 1,
          "2": 1,
          "3": 1,
          "4": 1,
        },
      },
    ],
    Array [
      "reclusive",
      Object {
        "6": Object {
          "1": 1,
        },
      },
    ],
    Array [
      "recognised",
      Object {
        "6": Object {
          "0": 1,
        },
      },
    ],
    Array [
      "recognisable",
      Object {
        "6": Object {
          "2": 2,
          "3": 2,
          "4": 1,
        },
      },
    ],
    Array [
      "requiring",
      Object {
        "6": Object {
          "2": 1,
          "3": 1,
        },
      },
    ],
    Array [
      "requirements",
      Object {
        "6": Object {
          "2": 1,
          "3": 1,
        },
      },
    ],
    Array [
      "region",
      Object {
        "6": Object {
          "2": 1,
          "3": 1,
        },
      },
    ],
    Array [
      "remains",
      Object {
        "6": Object {
          "2": 1,
          "3": 1,
        },
      },
    ],
    Array [
      "rearing",
      Object {
        "6": Object {
          "2": 1,
          "3": 1,
        },
      },
    ],
    Array [
      "reasons",
      Object {
        "6": Object {
          "2": 1,
          "3": 1,
          "4": 1,
        },
      },
    ],
    Array [
      "rounded",
      Object {
        "4": Object {
          "0": 1,
        },
        "6": Object {
          "0": 1,
        },
      },
    ],
    Array [
      "round",
      Object {
        "4": Object {
          "0": 1,
        },
        "6": Object {
          "0": 1,
        },
      },
    ],
    Array [
      "roman",
      Object {
        "6": Object {
          "0": 1,
        },
      },
    ],
    Array [
      "rodents",
      Object {
        "6": Object {
          "1": 1,
        },
      },
    ],
    Array [
      "rocky",
      Object {
        "6": Object {
          "1": 1,
        },
      },
    ],
    Array [
      "roam",
      Object {
        "6": Object {
          "2": 1,
          "3": 1,
        },
      },
    ],
    Array [
      "rare",
      Object {
        "6": Object {
          "1": 1,
        },
      },
    ],
    Array [
      "ranged",
      Object {
        "6": Object {
          "0": 1,
          "2": 1,
          "3": 1,
        },
      },
    ],
    Array [
      "range",
      Object {
        "6": Object {
          "0": 1,
          "1": 3,
          "2": 4,
          "3": 4,
          "4": 3,
        },
      },
    ],
    Array [
      "ranges",
      Object {
        "6": Object {
          "1": 1,
        },
      },
    ],
    Array [
      "ranks",
      Object {
        "4": Object {
          "3": 1,
        },
      },
    ],
    Array [
      "rather",
      Object {
        "6": Object {
          "4": 1,
        },
      },
    ],
    Array [
      "river",
      Object {
        "6": Object {
          "2": 1,
          "3": 1,
        },
      },
    ],
    Array [
      "of",
      Object {
        "4": Object {
          "0": 2,
          "2": 1,
          "3": 1,
          "4": 1,
        },
        "6": Object {
          "0": 9,
          "1": 5,
          "2": 14,
          "3": 14,
          "4": 8,
        },
      },
    ],
    Array [
      "offspring",
      Object {
        "6": Object {
          "2": 1,
          "3": 1,
        },
      },
    ],
    Array [
      "on",
      Object {
        "6": Object {
          "0": 4,
          "1": 2,
          "2": 5,
          "3": 5,
          "4": 2,
        },
      },
    ],
    Array [
      "one",
      Object {
        "6": Object {
          "0": 2,
        },
      },
    ],
    Array [
      "onca",
      Object {
        "6": Object {
          "1": 1,
        },
      },
    ],
    Array [
      "once",
      Object {
        "6": Object {
          "2": 1,
          "3": 1,
        },
      },
    ],
    Array [
      "occur",
      Object {
        "6": Object {
          "0": 1,
          "1": 1,
        },
      },
    ],
    Array [
      "occurred",
      Object {
        "6": Object {
          "0": 1,
        },
      },
    ],
    Array [
      "occurring",
      Object {
        "6": Object {
          "1": 1,
        },
      },
    ],
    Array [
      "out",
      Object {
        "6": Object {
          "0": 1,
        },
      },
    ],
    Array [
      "outside",
      Object {
        "6": Object {
          "0": 1,
        },
      },
    ],
    Array [
      "other",
      Object {
        "6": Object {
          "0": 1,
        },
      },
    ],
    Array [
      "opportunities",
      Object {
        "6": Object {
          "0": 1,
        },
      },
    ],
    Array [
      "open",
      Object {
        "6": Object {
          "1": 1,
        },
      },
    ],
    Array [
      "orange",
      Object {
        "6": Object {
          "2": 1,
          "3": 1,
        },
      },
    ],
    Array [
      "own",
      Object {
        "6": Object {
          "2": 1,
          "3": 1,
        },
      },
    ],
    Array [
      "usually",
      Object {
        "6": Object {
          "0": 2,
        },
      },
    ],
    Array [
      "ungulates",
      Object {
        "6": Object {
          "0": 1,
          "1": 1,
          "2": 1,
          "3": 1,
        },
      },
    ],
    Array [
      "untenable",
      Object {
        "6": Object {
          "0": 1,
        },
      },
    ],
    Array [
      "underbrush",
      Object {
        "6": Object {
          "1": 1,
        },
      },
    ],
    Array [
      "understood",
      Object {
        "6": Object {
          "0": 1,
        },
      },
    ],
    Array [
      "underside",
      Object {
        "6": Object {
          "2": 1,
          "3": 1,
        },
      },
    ],
    Array [
      "known",
      Object {
        "6": Object {
          "0": 1,
        },
      },
    ],
    Array [
      "kept",
      Object {
        "6": Object {
          "0": 1,
        },
      },
    ],
    Array [
      "keystone",
      Object {
        "6": Object {
          "0": 1,
        },
      },
    ],
    Array [
      "key",
      Object {
        "6": Object {
          "0": 1,
        },
      },
    ],
    Array [
      "killed",
      Object {
        "6": Object {
          "1": 1,
        },
      },
    ],
    Array [
      "korea",
      Object {
        "6": Object {
          "2": 1,
          "3": 1,
          "4": 1,
        },
      },
    ],
    Array [
      "kg",
      Object {
        "6": Object {
          "4": 2,
        },
      },
    ],
    Array [
      "dimorphic",
      Object {
        "6": Object {
          "0": 1,
        },
      },
    ],
    Array [
      "diurnal",
      Object {
        "6": Object {
          "0": 1,
        },
      },
    ],
    Array [
      "declined",
      Object {
        "6": Object {
          "0": 1,
        },
      },
    ],
    Array [
      "decline",
      Object {
        "6": Object {
          "0": 1,
          "2": 1,
          "3": 1,
          "4": 1,
        },
      },
    ],
    Array [
      "designated",
      Object {
        "6": Object {
          "0": 1,
        },
      },
    ],
    Array [
      "despite",
      Object {
        "6": Object {
          "1": 1,
        },
      },
    ],
    Array [
      "described",
      Object {
        "6": Object {
          "2": 1,
          "3": 1,
        },
      },
    ],
    Array [
      "destruction",
      Object {
        "6": Object {
          "2": 1,
          "3": 1,
          "4": 1,
        },
      },
    ],
    Array [
      "deer",
      Object {
        "6": Object {
          "1": 1,
          "2": 1,
          "3": 1,
        },
      },
    ],
    Array [
      "dense",
      Object {
        "6": Object {
          "1": 1,
        },
      },
    ],
    Array [
      "densities",
      Object {
        "6": Object {
          "1": 1,
        },
      },
    ],
    Array [
      "density",
      Object {
        "6": Object {
          "2": 1,
          "3": 1,
          "4": 1,
        },
      },
    ],
    Array [
      "depicted",
      Object {
        "6": Object {
          "0": 1,
          "2": 1,
          "3": 1,
          "4": 1,
        },
      },
    ],
    Array [
      "depictions",
      Object {
        "6": Object {
          "0": 2,
        },
      },
    ],
    Array [
      "depend",
      Object {
        "6": Object {
          "1": 1,
        },
      },
    ],
    Array [
      "during",
      Object {
        "6": Object {
          "0": 1,
        },
      },
    ],
    Array [
      "due",
      Object {
        "6": Object {
          "1": 1,
          "2": 1,
          "3": 1,
          "4": 1,
        },
      },
    ],
    Array [
      "does",
      Object {
        "6": Object {
          "0": 1,
        },
      },
    ],
    Array [
      "do",
      Object {
        "6": Object {
          "1": 1,
        },
      },
    ],
    Array [
      "domestic",
      Object {
        "6": Object {
          "1": 1,
        },
      },
    ],
    Array [
      "daytime",
      Object {
        "6": Object {
          "1": 1,
        },
      },
    ],
    Array [
      "dark",
      Object {
        "6": Object {
          "2": 1,
          "3": 1,
        },
      },
    ],
    Array [
      "darker",
      Object {
        "6": Object {
          "4": 1,
        },
      },
    ],
    Array [
      "night",
      Object {
        "6": Object {
          "0": 1,
        },
      },
    ],
    Array [
      "not",
      Object {
        "6": Object {
          "0": 2,
          "1": 1,
        },
      },
    ],
    Array [
      "nocturnal",
      Object {
        "6": Object {
          "1": 1,
        },
      },
    ],
    Array [
      "northern",
      Object {
        "6": Object {
          "0": 1,
        },
      },
    ],
    Array [
      "north",
      Object {
        "6": Object {
          "1": 1,
        },
      },
    ],
    Array [
      "names",
      Object {
        "6": Object {
          "1": 1,
        },
      },
    ],
    Array [
      "native",
      Object {
        "4": Object {
          "0": 1,
          "1": 1,
          "4": 1,
        },
        "6": Object {
          "0": 1,
          "1": 1,
        },
      },
    ],
    Array [
      "national",
      Object {
        "6": Object {
          "0": 1,
          "2": 1,
          "3": 1,
          "4": 1,
        },
      },
    ],
    Array [
      "nature",
      Object {
        "6": Object {
          "1": 1,
        },
      },
    ],
    Array [
      "natural",
      Object {
        "6": Object {
          "4": 1,
        },
      },
    ],
    Array [
      "narrow",
      Object {
        "6": Object {
          "4": 1,
        },
      },
    ],
    Array [
      "neolithic",
      Object {
        "6": Object {
          "0": 1,
        },
      },
    ],
    Array [
      "new",
      Object {
        "6": Object {
          "1": 1,
        },
      },
    ],
    Array [
      "number",
      Object {
        "6": Object {
          "2": 1,
          "3": 1,
          "4": 1,
        },
      },
    ],
    Array [
      "wild",
      Object {
        "4": Object {
          "3": 1,
        },
        "6": Object {
          "0": 1,
          "1": 1,
          "2": 2,
          "3": 2,
          "4": 1,
        },
      },
    ],
    Array [
      "wildlife",
      Object {
        "6": Object {
          "2": 1,
          "3": 1,
          "4": 1,
        },
      },
    ],
    Array [
      "with",
      Object {
        "6": Object {
          "0": 1,
          "1": 1,
          "2": 4,
          "3": 4,
          "4": 3,
        },
      },
    ],
    Array [
      "widely",
      Object {
        "6": Object {
          "0": 1,
          "2": 1,
          "3": 1,
        },
      },
    ],
    Array [
      "widespread",
      Object {
        "6": Object {
          "1": 1,
        },
      },
    ],
    Array [
      "wide",
      Object {
        "6": Object {
          "1": 2,
        },
      },
    ],
    Array [
      "were",
      Object {
        "6": Object {
          "0": 1,
        },
      },
    ],
    Array [
      "western",
      Object {
        "6": Object {
          "0": 2,
          "1": 1,
          "2": 1,
          "3": 1,
        },
      },
    ],
    Array [
      "west",
      Object {
        "6": Object {
          "2": 1,
          "3": 1,
        },
      },
    ],
    Array [
      "weight",
      Object {
        "6": Object {
          "4": 2,
        },
      },
    ],
    Array [
      "while",
      Object {
        "6": Object {
          "1": 1,
        },
      },
    ],
    Array [
      "white",
      Object {
        "6": Object {
          "2": 1,
          "3": 1,
        },
      },
    ],
    Array [
      "what",
      Object {
        "6": Object {
          "2": 1,
          "3": 1,
        },
      },
    ],
    Array [
      "when",
      Object {
        "6": Object {
          "0": 2,
        },
      },
    ],
    Array [
      "where",
      Object {
        "6": Object {
          "2": 1,
          "3": 1,
        },
      },
    ],
    Array [
      "world",
      Object {
        "4": Object {
          "3": 1,
        },
        "6": Object {
          "0": 1,
          "1": 1,
          "2": 1,
          "3": 1,
          "4": 1,
        },
      },
    ],
    Array [
      "wolves",
      Object {
        "6": Object {
          "1": 1,
        },
      },
    ],
    Array [
      "was",
      Object {
        "6": Object {
          "2": 2,
          "3": 2,
          "4": 1,
        },
      },
    ],
    Array [
      "18t21",
      Object {
        "5": Object {
          "0": 1,
          "1": 1,
          "2": 1,
          "3": 1,
          "4": 1,
        },
      },
    ],
    Array [
      "18th",
      Object {
        "6": Object {
          "0": 1,
        },
      },
    ],
    Array [
      "1758",
      Object {
        "6": Object {
          "2": 1,
          "3": 1,
        },
      },
    ],
    Array [
      "100",
      Object {
        "6": Object {
          "4": 3,
        },
      },
    ],
    Array [
      "112",
      Object {
        "6": Object {
          "4": 1,
        },
      },
    ],
    Array [
      "150",
      Object {
        "6": Object {
          "4": 1,
        },
      },
    ],
    Array [
      "1996",
      Object {
        "6": Object {
          "0": 1,
        },
      },
    ],
    Array [
      "1990s",
      Object {
        "6": Object {
          "0": 1,
        },
      },
    ],
    Array [
      "195",
      Object {
        "6": Object {
          "4": 1,
        },
      },
    ],
    Array [
      "130",
      Object {
        "6": Object {
          "4": 1,
        },
      },
    ],
    Array [
      "49",
      Object {
        "5": Object {
          "0": 1,
          "1": 1,
          "2": 1,
          "3": 1,
          "4": 1,
        },
      },
    ],
    Array [
      "43",
      Object {
        "6": Object {
          "0": 1,
        },
      },
    ],
    Array [
      "430",
      Object {
        "6": Object {
          "4": 1,
        },
      },
    ],
    Array [
      "zoological",
      Object {
        "6": Object {
          "0": 1,
        },
      },
    ],
    Array [
      "vulnerable",
      Object {
        "6": Object {
          "0": 1,
        },
      },
    ],
    Array [
      "variety",
      Object {
        "6": Object {
          "1": 1,
        },
      },
    ],
    Array [
      "vegetation",
      Object {
        "6": Object {
          "1": 1,
        },
      },
    ],
    Array [
      "vertical",
      Object {
        "6": Object {
          "2": 1,
          "3": 1,
        },
      },
    ],
    Array [
      "virtually",
      Object {
        "6": Object {
          "0": 1,
        },
      },
    ],
    Array [
      "victims",
      Object {
        "6": Object {
          "2": 1,
          "3": 1,
          "4": 1,
        },
      },
    ],
    Array [
      "yukon",
      Object {
        "6": Object {
          "1": 1,
        },
      },
    ],
    Array [
      "yielding",
      Object {
        "6": Object {
          "1": 1,
        },
      },
    ],
    Array [
      "years",
      Object {
        "6": Object {
          "2": 1,
          "3": 1,
        },
      },
    ],
    Array [
      "jaguar",
      Object {
        "6": Object {
          "1": 1,
        },
      },
    ],
    Array [
      "java",
      Object {
        "6": Object {
          "2": 1,
          "3": 1,
        },
      },
    ],
    Array [
      "08",
      Object {
        "5": Object {
          "0": 1,
          "1": 1,
          "2": 1,
          "3": 1,
          "4": 1,
        },
      },
    ],
    Array [
      "062",
      Object {
        "6": Object {
          "2": 1,
          "3": 1,
          "4": 1,
        },
      },
    ],
    Array [
      "93",
      Object {
        "6": Object {
          "2": 1,
          "3": 1,
        },
      },
    ],
    Array [
      "948",
      Object {
        "6": Object {
          "2": 1,
          "3": 1,
          "4": 1,
        },
      },
    ],
    Array [
      "91",
      Object {
        "6": Object {
          "4": 1,
        },
      },
    ],
    Array [
      "2022",
      Object {
        "5": Object {
          "0": 1,
          "1": 1,
          "2": 1,
          "3": 1,
          "4": 1,
        },
      },
    ],
    Array [
      "20th",
      Object {
        "6": Object {
          "2": 1,
          "3": 1,
        },
      },
    ],
    Array [
      "2015",
      Object {
        "6": Object {
          "2": 1,
          "3": 1,
          "4": 1,
        },
      },
    ],
    Array [
      "21",
      Object {
        "6": Object {
          "4": 1,
        },
      },
    ],
    Array [
      "255",
      Object {
        "6": Object {
          "4": 2,
        },
      },
    ],
    Array [
      "285",
      Object {
        "6": Object {
          "4": 1,
        },
      },
    ],
    Array [
      "230",
      Object {
        "6": Object {
          "4": 1,
        },
      },
    ],
    Array [
      "220",
      Object {
        "6": Object {
          "4": 1,
        },
      },
    ],
    Array [
      "290",
      Object {
        "6": Object {
          "4": 1,
        },
      },
    ],
  ],
  "nextId": 5,
  "serializationVersion": 2,
  "storedFields": Object {
    "0": Object {
      "createdAt": "2022-08-18T21:49:39.354Z",
      "description": "The lion (Panthera leo) is a large cat of the genus Panthera native to Africa and India. It has a muscular, broad-chested body, short, rounded head, round ears, and a hairy tuft at the end of its tail.",
      "path": "tests/cats/lions/about-lions.md",
      "slug": "about-lions",
      "tags": Array [
        "cat",
        "lion",
      ],
      "title": "About Lions",
    },
    "1": Object {
      "createdAt": "2022-08-18T21:49:39.354Z",
      "description": "The cougar (Puma concolor) is a large cat native to the Americas.",
      "path": "tests/cats/pumas/cougar.md",
      "slug": "cougar",
      "tags": Array [
        "cat",
        "puma",
      ],
      "title": "Cougar",
    },
    "2": Object {
      "createdAt": "2022-08-18T21:49:39.355Z",
      "description": "The tiger (Panthera tigris) is the largest living cat species and a member of the genus Panthera.",
      "path": "tests/cats/tigers/about-tigers.md",
      "slug": "about-tigers",
      "tags": Array [
        "cat",
        "tiger",
      ],
      "title": "About Tigers",
    },
    "3": Object {
      "createdAt": "2022-08-18T21:49:39.355Z",
      "description": "The Bengal tiger is a population of the Panthera tigris tigris subspecies. It ranks among the biggest wild cats alive today. It is considered to belong to the world's charismatic megafauna.",
      "path": "tests/cats/tigers/bengal-tiger.md",
      "slug": "bengal-tiger",
      "tags": Array [
        "cat",
        "tiger",
      ],
      "title": "Bengal Tiger",
    },
    "4": Object {
      "createdAt": "2022-08-18T21:49:39.355Z",
      "description": "The Indochinese tiger is a population of the Panthera tigris tigris subspecies that is native to Southeast Asia.",
      "path": "tests/cats/tigers/indochinese-tiger.md",
      "slug": "indochinese-tiger",
      "tags": Array [
        "cat",
        "tiger",
      ],
      "title": "Indochinese Tiger",
    },
  },
}
`;
