// Jest Snapshot v1, https://goo.gl/fbAQLP

exports[`search the index basic search 1`] = `
Array [
  Object {
    "createdAt": "2022-08-13T00:03:28.460Z",
    "description": "",
    "id": "hello-world",
    "match": Object {
      "hello": Array [
        "title",
        "slug",
        "path",
        "strippedContent",
      ],
    },
    "path": "tests/basic/hello.md",
    "score": 10.740574668720372,
    "slug": "hello-world",
    "tags": Array [],
    "terms": Array [
      "hello",
    ],
    "title": "Hello",
  },
]
`;

exports[`search the index tag search 1`] = `
Array [
  Object {
    "createdAt": "2022-08-13T08:36:12.283Z",
    "description": "",
    "id": "with-tags",
    "match": Object {
      "tag1": Array [
        "tags",
      ],
    },
    "path": "tests/basic/with-tags.md",
    "score": 2.138312652777948,
    "slug": "with-tags",
    "tags": Array [
      "tag1",
      "tag2",
    ],
    "terms": Array [
      "tag1",
    ],
    "title": "With tags",
  },
]
`;
